┌─────────┬─ /Users/hiro/Documents ──────────────┬───────────────────── [1/2] ─┐|
│ AppData │ ..                  <DIR>            │ （空のフォルダ）            │|
│ Desktop │ 写真                <DIR> 09-12 09:15│                             │|
│ Documen~│ 空のフォルダ        <DIR> 09-01 00:00│                             │|
│ Downloa~│ 議事録              <DIR> 09-20 18:02│                             │|
│ Music   │ .hidden                 1 09-02 00:00│                             │|
│ .zshrc  │ data.bin                8 09-02 00:00│                             │|
│         │ メモ.txt              196 09-26 10:00│                             │|
│         │ 古いメモ.txt           37 02-03 04:05│                             │|
│         │                                      │                             │|
│         │                                      │                             │|
│         │                                      │                             │|
│         │                                      │                             │|
│         │                                      │                             │|
│         │                                      │                             │|
│         │                                      │                             │|
│         │                                      │                             │|
│         │                                      │                             │|
│         │                                      │                             │|
│         │                                      │                             │|
└─────────┴ 7 項目 ──────────────────────────────┴─────────────────────────────┘|
 空のフォルダ   フォルダ   2026-09-01 00:00:00                                  |
                                                                                |
 Enter 開く  h 親へ  l 入る  Tab 切替  Space マーク  v 表示  ? ヘルプ  q 終了   |
-- styles --
............aaaaaaaaaaaaaaaaaaaaaaa.............................................
.bbbbbbbbb.cccccccccccccccccccccccccccccccccccccc..dddddddddddddddd.............
.ccccccccc.cccccccccccccccccccccccccccccccccccccc...............................
.eeeeeeeee.eeeeeeeeeeeeeeeeeeeeeeeeeeeeeeeeeeeeee...............................
.ccccccccc.cccccccccccccccccccccccccccccccccccccc...............................
.ccccccccc.dddddddddddddddddddddddddddddddddddddd...............................
.ddddddddd......................................................................
................................................................................
................................................................................
................................................................................
................................................................................
................................................................................
................................................................................
................................................................................
................................................................................
................................................................................
................................................................................
................................................................................
................................................................................
................................................................................
................................................................................
................................................................................
................................................................................
.dddddddddddddddddddddddddddddddddddddddddddddddddddddddddddddddddddddddddddd...
a = fg=default bg=default bold
b = fg=blue bg=default bold,dim
c = fg=blue bg=default bold
d = fg=default bg=default dim
e = fg=blue bg=default bold,reverse
-- cursor --
0 0 false
