┌─────────┬─ /Users/hiro ────────────────────────┬───────────────────── [2/2] ─┐|
│ hiro    │ ..                  <DIR>            │ hiro                        │|
│ Shared  │ Desktop             <DIR> 09-20 10:00│ Shared                      │|
│         │ Documents           <DIR> 09-24 11:19│                             │|
│         │ Downloads           <DIR> 09-25 09:00│                             │|
│         │ Music               <DIR> 08-01 00:00│                             │|
│         │                                      │                             │|
│         │                                      │                             │|
│         │                                      │                             │|
│         │                                      │                             │|
│         │                                      │                             │|
│         │                                      │                             │|
│         │                                      │                             │|
│         │                                      │                             │|
│         │                                      │                             │|
│         │                                      │                             │|
│         │                                      │                             │|
│         │                                      │                             │|
│         │                                      │                             │|
│         │                                      │                             │|
└─────────┴ 4 項目  隠し 2 ──────────────────────┴─────────────────────────────┘|
 ..   親のフォルダ                                                              |
                                                                                |
 h 親へ  Tab 切替  Space マーク  y 覚える  p 貼る  v 表示  ? ヘルプ  q 終了     |
-- styles --
............aaaaaaaaaaaaa.......................................................
.bbbbbbbbb.bbbbbbbbbbbbbbbbbbbbbbbbbbbbbbbbbbbbbb..cccc.........................
.ccccccccc.cccccccccccccccccccccccccccccccccccccc..cccccc.......................
...........cccccccccccccccccccccccccccccccccccccc...............................
...........cccccccccccccccccccccccccccccccccccccc...............................
...........cccccccccccccccccccccccccccccccccccccc...............................
................................................................................
................................................................................
................................................................................
................................................................................
................................................................................
................................................................................
................................................................................
................................................................................
................................................................................
................................................................................
................................................................................
................................................................................
................................................................................
................................................................................
................................................................................
................................................................................
................................................................................
.dddddddddddddddddddddddddddddddddddddddddddddddddddddddddddddddddddddddddd.....
a = fg=default bg=default bold
b = fg=blue bg=default bold,reverse
c = fg=blue bg=default bold
d = fg=default bg=default dim
-- cursor --
0 0 false
