┌─────────┬─ /Users/hiro/Documents ──────────────┬───────────────────── [1/2] ─┐|
│ Desktop │ ..                  <DIR>            │ 2025年度                    │|
│ Documen~│ 写真                <DIR> 09-12 09:15│ 2026年度                    │|
│ Downloa~│ 空のフォルダ        <DIR> 09-01 00:00│ 予算.xlsx                   │|
│ Music   │ 議事録              <DIR> 09-20 18:02│ 議事録.docx                 │|
│         │ data.bin                8 09-02 00:00│                             │|
│         │ メモ.txt              196 09-26 10:00│                             │|
│         │ 古いメモ.txt           37 02-03 04:05│                             │|
│         │                                      │                             │|
│         │                                      │                             │|
│         │                                      │                             │|
│         │                                      │                             │|
│         │                                      │                             │|
│         │                                      │                             │|
│         │                                      │                             │|
│         │                                      │                             │|
│         │                                      │                             │|
│         │                                      │                             │|
│         │                                      │                             │|
│         │                                      │                             │|
└─────────┴ 6 項目  隠し 1 ──────────────────────┴─────────────────────────────┘|
 写真   フォルダ   2026-09-12 09:15:00                                          |
                                                                                |
 h 親へ  Tab 切替  Space マーク  y 覚える  p 貼る  v 表示  ? ヘルプ  q 終了     |
-- styles --
............aaaaaaaaaaaaaaaaaaaaaaa.............................................
.bbbbbbbbb.bbbbbbbbbbbbbbbbbbbbbbbbbbbbbbbbbbbbbb..bbbbbbbb.....................
.ccccccccc.cccccccccccccccccccccccccccccccccccccc..bbbbbbbb.....................
.bbbbbbbbb.bbbbbbbbbbbbbbbbbbbbbbbbbbbbbbbbbbbbbb...............................
.bbbbbbbbb.bbbbbbbbbbbbbbbbbbbbbbbbbbbbbbbbbbbbbb...............................
................................................................................
................................................................................
................................................................................
................................................................................
................................................................................
................................................................................
................................................................................
................................................................................
................................................................................
................................................................................
................................................................................
................................................................................
................................................................................
................................................................................
................................................................................
................................................................................
................................................................................
................................................................................
.dddddddddddddddddddddddddddddddddddddddddddddddddddddddddddddddddddddddddd.....
a = fg=default bg=default bold
b = fg=blue bg=default bold
c = fg=blue bg=default bold,reverse
d = fg=default bg=default dim
-- cursor --
0 0 false
