╔═ C:\Users\hiro\Documents ════════════╗┌─ D:\backup ──────────────────────────┐|
║ ..                  <DIR>            ║│ ..                  <DIR>            │|
║ old-docs            <JCT> 2025-03-01 ║│ 2025                <DIR> 2025-12-28 │|
║ projects            <DIR> 09-24 10:40║│ 写真                <DIR> 08-02 12:00│|
║ 写真                <DIR> 09-12 09:15║│ 議事録              <DIR> 09-01 10:00│|
║ 議事╔═ 完全削除の確認 ═════════════════════════════════════════════════╗19:45│|
║ late║                                                                  ║09:00│|
║ bad?║ 次の 1 項目はごみ箱に入れられません。                            ║     │|
║*data║ 完全に削除しますか？ 元に戻せません。                            ║     │|
║ fifo║                                                                  ║     │|
║ READ║ 場所: C:\Users\hiro\Documents                                    ║     │|
║ setu║     data.csv                                      128 MB         ║     │|
║ unre║                                                                  ║     │|
║ がぎ║ 合計 313 ファイル、6.1 GB                                        ║     │|
║ 報告║                                                                  ║     │|
║ 見積║ y 完全に削除する   n・Esc・Enter やめる                          ║     │|
║ 👨fa╚══════════════════════════════════════════════════════════════════╝     │|
║                                      ║│                                      │|
║                                      ║│                                      │|
║                                      ║│                                      │|
╚═ 15 項目  マーク 1  隠し 1 ══════════╝└─ 5 項目 ─────────────────────────────┘|
 fifo   特殊なファイル   2026-06-01 00:00:00                                    |
                                                                                |
 h 親へ  Tab 切替  Space マーク  y 覚える  p 貼る  v 表示  ? ヘルプ  q 終了     |
-- styles --
aaaaaaaaaaaaaaaaaaaaaaaaaaaaaaaaaaaaaaaa........................................
abbbbbbbbbbbbbbbbbbbbbbbbbbbbbbbbbbbbbba.cccccccccccccccccccccccccccccccccccccc.
adddddddddddddddddddddddddddddddddddddda.bbbbbbbbbbbbbbbbbbbbbbbbbbbbbbbbbbbbbb.
abbbbbbbbbbbbbbbbbbbbbbbbbbbbbbbbbbbbbba.bbbbbbbbbbbbbbbbbbbbbbbbbbbbbbbbbbbbbb.
abbbbbbbbbbbbbbbbbbbbbbbbbbbbbbbbbbbbbba.bbbbbbbbbbbbbbbbbbbbbbbbbbbbbbbbbbbbbb.
abbbbbaaaaaaaaaaaaaaaaaaaaaaaaaaaaaaaaaaaaaaaaaaaaaaaaaaaaaaaaaaaaaaaaaaaa......
aeeeeea..................................................................a......
a....fa.aaaaaaaaaaaaaaaaaaaaaaaaaaaaaaaaaaaaa............................a......
aggggga.hhhhhhhhhhhhhhhhhhhhhhhhhhhhhhhhhhhhh............................a......
aiiiiia..................................................................a......
a.....a..................................................................a......
a.....a..................................................................a......
ajjjjja..................................................................a......
a.....a..................................................................a......
a.....a..................................................................a......
a.....a.aaaaaaaaaaaaaaaaaaaaaaaaaaaaaaaaaaaaaaa..........................a......
a.ff..aaaaaaaaaaaaaaaaaaaaaaaaaaaaaaaaaaaaaaaaaaaaaaaaaaaaaaaaaaaaaaaaaaaa......
a......................................a........................................
a......................................a........................................
a......................................a........................................
aaaaaaaaaaaaaaaaaaaaaaaaaaaaaaaaaaaaaaaa........................................
................................................................................
................................................................................
.kkkkkkkkkkkkkkkkkkkkkkkkkkkkkkkkkkkkkkkkkkkkkkkkkkkkkkkkkkkkkkkkkkkkkkkkkk.....
a = fg=default bg=default bold
b = fg=blue bg=default bold
c = fg=blue bg=default bold,underline
d = fg=magenta bg=default bold
e = fg=cyan bg=default
f = fg=brightred bg=default bold
g = fg=yellow bg=default bold
h = fg=red bg=default bold
i = fg=yellow bg=default reverse
j = fg=red bg=default
k = fg=default bg=default dim
-- cursor --
0 0 false
