╔═ C╔═ キー操作（何かキーを押すと閉じます） ═══════════════════════════════╗───┐|
║ ..║ Up Down  j k        カーソルの移動                                   ║   │|
║ ol║ PgUp PgDn Home End  ページ単位の移動、先頭、末尾                     ║28 │|
║ pr║ Enter               フォルダに入る。ファイルは関連付けで開く         ║:00│|
║ 写║ h  Left  Backspace  親のフォルダへ                                   ║:00│|
║ 議║ l  Right            フォルダに入る（ファイルでは何もしない）         ║:45│|
║ la║ Tab                 ペインの切り替え（Yazi 風では表示するペイン）    ║:00│|
║ ba║ Space               マークの切り替え                                 ║   │|
║ da║ y                   対象を覚える（マークした項目か、カーソル行）     ║   │|
║ fi║ p  P                覚えた項目を、このフォルダへコピー・移動         ║   │|
║ RE║ d  D                ごみ箱へ・完全削除（y で確定）                   ║   │|
║ se║ r  n                名前の変更・新しいフォルダ                       ║   │|
║ un║ L                   直前の操作の結果をもう一度見る                   ║   │|
║ が║ a                   すべてマークする・すべて外す                     ║   │|
║ 報║ g                   パスを入力して移動（ドライブの切り替えも）       ║   │|
║ 見║ =                   反対側のペインを同じフォルダにする               ║   │|
║ 👨║ .                   隠しファイルの表示の切り替え                     ║   │|
║   ║ v                   表示形式の切り替え（2 ペイン・Yazi 風）          ║   │|
║   ║ Ctrl+R              再読み込み                                       ║   │|
║   ║ Ctrl+L              画面の描き直し（表示が崩れたとき）               ║   │|
╚═ 1║ Esc                 読み込みの中止                                   ║───┘|
 set║ q                   終了                                             ║    |
    ╚══════════════════════════════════════════════════════════════════════╝    |
 h 親へ  Tab 切替  Space マーク  y 覚える  p 貼る  v 表示  ? ヘルプ  q 終了     |
-- styles --
aaaa............................................................................
abbb..aaaaaaaaaaaa..........................................................ccc.
addd..aaaaaaaaaaaaaaaaaa....................................................bbb.
abbb..aaaaa.................................................................bbb.
abbb..aaaaaaaaaaaaaaaaaa....................................................bbb.
abbb..aaaaaaaa..................................................................
aeee..aaa.......................................................................
a.....aaaaa.....................................................................
a.....a.........................................................................
afff..aaaa......................................................................
a.....aaaa......................................................................
aggg..aaaa......................................................................
ahhh..a.........................................................................
a.....a.........................................................................
a.....a.........................................................................
a.....a.........................................................................
a.ii..a.........................................................................
a.....a.........................................................................
a.....aaaaaa....................................................................
a.....aaaaaa....................................................................
aaaa..aaa.......................................................................
......a.........................................................................
................................................................................
.jjjjjjjjjjjjjjjjjjjjjjjjjjjjjjjjjjjjjjjjjjjjjjjjjjjjjjjjjjjjjjjjjjjjjjjjjj.....
a = fg=default bg=default bold
b = fg=blue bg=default bold
c = fg=blue bg=default bold,underline
d = fg=magenta bg=default bold
e = fg=cyan bg=default
f = fg=yellow bg=default
g = fg=default bg=default reverse
h = fg=red bg=default
i = fg=brightred bg=default bold
j = fg=default bg=default dim
-- cursor --
0 0 false
