╔═ C:\Users\hiro\Documents ════════════════════════════════╗┌─ D:\backup ──────────────────────────────────────────────┐|
║ ..                                      <DIR>            ║│ ..                                      <DIR>            │|
║ old-docs                                <JCT> 2025-03-01 ║│ 2025                                    <DIR> 2025-12-28 │|
║ projects                                <DIR> 09-24 10:40║│ 写真                                    <DIR> 08-02 12:00│|
║ 写真                                    <DIR> 09-12 09:15║│ 議事録                                  <DIR> 09-01 10:00│|
║ 議事録                                  <DIR> 09-20 18:02║│ archive.zip                              2.3G 08-30 19:45│|
║ latest                                  <LNK> 09-22 08:00║│ 報告書.docx                              1.1M 09-20 09:00│|
║ bad?[31mname?txt.exe  ╔═ キー操作（何かキーを押すと閉じます） ═══════════════════════════════╗                       │|
║ data.csv              ║ Up Down  j k        カーソルの移動                                   ║                       │|
║ fifo                  ║ PgUp PgDn Home End  ページ単位の移動、先頭、末尾                     ║                       │|
║ README.md             ║ Enter               フォルダに入る。ファイルは関連付けで開く         ║                       │|
║ setup.exe             ║ h  Left  Backspace  親のフォルダへ                                   ║                       │|
║ unreadable            ║ l  Right            フォルダに入る（ファイルでは何もしない）         ║                       │|
║ がぎ.txt              ║ Tab                 ペインの切り替え（Yazi 風では表示するペイン）    ║                       │|
║ 報告書.docx           ║ Space               マークの切り替え                                 ║                       │|
║ 見積書_2026年度版.xlsx║ y                   対象を覚える（マークした項目か、カーソル行）     ║                       │|
║ 👨family.jpg          ║ p  P                覚えた項目を、このフォルダへコピー・移動         ║                       │|
║                       ║ d  D                ごみ箱へ・完全削除（y で確定）                   ║                       │|
║                       ║ r  n                名前の変更・新しいフォルダ                       ║                       │|
║                       ║ L                   直前の操作の結果をもう一度見る                   ║                       │|
║                       ║ a                   すべてマークする・すべて外す                     ║                       │|
║                       ║ g                   パスを入力して移動（ドライブの切り替えも）       ║                       │|
║                       ║ =                   反対側のペインを同じフォルダにする               ║                       │|
║                       ║ .                   隠しファイルの表示の切り替え                     ║                       │|
║                       ║ v                   表示形式の切り替え（2 ペイン・Yazi 風）          ║                       │|
║                       ║ Ctrl+R              再読み込み                                       ║                       │|
║                       ║ Ctrl+L              画面の描き直し（表示が崩れたとき）               ║                       │|
║                       ║ Esc                 読み込みの中止                                   ║                       │|
║                       ║ q                   終了                                             ║                       │|
║                       ╚══════════════════════════════════════════════════════════════════════╝                       │|
║                                                          ║│                                                          │|
║                                                          ║│                                                          │|
║                                                          ║│                                                          │|
║                                                          ║│                                                          │|
║                                                          ║│                                                          │|
║                                                          ║│                                                          │|
╚═ 15 項目  隠し 1 ════════════════════════════════════════╝└─ 5 項目 ─────────────────────────────────────────────────┘|
 setup.exe   7,340,032 バイト   2026-07-07 07:07:00                                                                     |
                                                                                                                        |
 h 親へ  Tab 切替  Space マーク  y 覚える  p 貼る  v 表示  ? ヘルプ  q 終了                                             |
-- styles --
aaaaaaaaaaaaaaaaaaaaaaaaaaaaaaaaaaaaaaaaaaaaaaaaaaaaaaaaaaaa............................................................
abbbbbbbbbbbbbbbbbbbbbbbbbbbbbbbbbbbbbbbbbbbbbbbbbbbbbbbbbba.cccccccccccccccccccccccccccccccccccccccccccccccccccccccccc.
adddddddddddddddddddddddddddddddddddddddddddddddddddddddddda.bbbbbbbbbbbbbbbbbbbbbbbbbbbbbbbbbbbbbbbbbbbbbbbbbbbbbbbbbb.
abbbbbbbbbbbbbbbbbbbbbbbbbbbbbbbbbbbbbbbbbbbbbbbbbbbbbbbbbba.bbbbbbbbbbbbbbbbbbbbbbbbbbbbbbbbbbbbbbbbbbbbbbbbbbbbbbbbbb.
abbbbbbbbbbbbbbbbbbbbbbbbbbbbbbbbbbbbbbbbbbbbbbbbbbbbbbbbbba.bbbbbbbbbbbbbbbbbbbbbbbbbbbbbbbbbbbbbbbbbbbbbbbbbbbbbbbbbb.
abbbbbbbbbbbbbbbbbbbbbbbbbbbbbbbbbbbbbbbbbbbbbbbbbbbbbbbbbba............................................................
aeeeeeeeeeeeeeeeeeeeeeeeeeeeeeeeeeeeeeeeeeeeeeeeeeeeeeeeeeea............................................................
a....f........f.........................................................................................................
a.........................aaaaaaaaaaaa..................................................................................
aggggggggggggggggggggggg..aaaaaaaaaaaaaaaaaa............................................................................
a.........................aaaaa.........................................................................................
ahhhhhhhhhhhhhhhhhhhhhhh..aaaaaaaaaaaaaaaaaa............................................................................
aiiiiiiiiiiiiiiiiiiiiiii..aaaaaaaa......................................................................................
a.........................aaa...........................................................................................
a.........................aaaaa.........................................................................................
a.........................a.............................................................................................
a.ff......................aaaa..........................................................................................
a.........................aaaa..........................................................................................
a.........................aaaa..........................................................................................
a.........................a.............................................................................................
a.........................a.............................................................................................
a.........................a.............................................................................................
a.........................a.............................................................................................
a.........................a.............................................................................................
a.........................a.............................................................................................
a.........................aaaaaa........................................................................................
a.........................aaaaaa........................................................................................
a.........................aaa...........................................................................................
a.........................a.............................................................................................
a.......................................................................................................................
a..........................................................a............................................................
a..........................................................a............................................................
a..........................................................a............................................................
a..........................................................a............................................................
a..........................................................a............................................................
a..........................................................a............................................................
aaaaaaaaaaaaaaaaaaaaaaaaaaaaaaaaaaaaaaaaaaaaaaaaaaaaaaaaaaaa............................................................
........................................................................................................................
........................................................................................................................
.jjjjjjjjjjjjjjjjjjjjjjjjjjjjjjjjjjjjjjjjjjjjjjjjjjjjjjjjjjjjjjjjjjjjjjjjjj.............................................
a = fg=default bg=default bold
b = fg=blue bg=default bold
c = fg=blue bg=default bold,underline
d = fg=magenta bg=default bold
e = fg=cyan bg=default
f = fg=brightred bg=default bold
g = fg=yellow bg=default
h = fg=default bg=default reverse
i = fg=red bg=default
j = fg=default bg=default dim
-- cursor --
0 0 false
