╔═ C:\Users\hiro\Documents ════════════════════════════════╗┌─ D:\backup ──────────────────────────────────────────────┐|
║ ..                                      <DIR>            ║│ ..                                      <DIR>            │|
║ old-docs                                <JCT> 2025-03-01 ║│ 2025                                    <DIR> 2025-12-28 │|
║ projects                                <DIR> 09-24 10:40║│ 写真                                    <DIR> 08-02 12:00│|
║ 写真                                    <DIR> 09-12 09:15║│ 議事録                                  <DIR> 09-01 10:00│|
║ 議事録                                  <DIR> 09-20 18:02║│ archive.zip                              2.3G 08-30 19:45│|
║ latest                                  <LNK> 09-22 08:00║│ 報告書.docx                              1.1M 09-20 09:00│|
║ bad?[31mname?txt.exe                       10 09-01 00:00║│                                                          │|
║ data.csv                                 128M 09-18 14:30║│                                                          │|
║ fifo                                    <SPC> 06-01 00:00║│                                                          │|
║ README.md             ╔═ キー操作（何かキーを押すと閉じます） ═══════════════════════════════╗                       │|
║ setup.exe             ║ Up Down  j k        カーソルの移動                                   ║                       │|
║ unreadable            ║ PgUp PgDn Home End  ページ単位の移動、先頭、末尾                     ║                       │|
║ がぎ.txt              ║ Enter               フォルダに入る。ファイルは関連付けで開く         ║                       │|
║ 報告書.docx           ║ Backspace           親のフォルダへ                                   ║                       │|
║ 見積書_2026年度版.xlsx║ Tab                 操作するペインの切り替え                         ║                       │|
║ 👨family.jpg          ║ Left Right          左・右のペインへ。すでにその側なら親のフォルダへ ║                       │|
║                       ║ Space               マークの切り替え                                 ║                       │|
║                       ║ a                   すべてマークする・すべて外す                     ║                       │|
║                       ║ g                   パスを入力して移動（ドライブの切り替えも）       ║                       │|
║                       ║ =                   反対側のペインを同じフォルダにする               ║                       │|
║                       ║ .                   隠しファイルの表示の切り替え                     ║                       │|
║                       ║ Ctrl+R              再読み込み                                       ║                       │|
║                       ║ Esc                 読み込みの中止                                   ║                       │|
║                       ║ q                   終了                                             ║                       │|
║                       ║ c m d D r n L       （フェーズ19・20で作る）                         ║                       │|
║                       ╚══════════════════════════════════════════════════════════════════════╝                       │|
║                                                          ║│                                                          │|
║                                                          ║│                                                          │|
║                                                          ║│                                                          │|
║                                                          ║│                                                          │|
║                                                          ║│                                                          │|
║                                                          ║│                                                          │|
║                                                          ║│                                                          │|
║                                                          ║│                                                          │|
║                                                          ║│                                                          │|
╚═ 15 項目  隠し 1 ════════════════════════════════════════╝└─ 5 項目 ─────────────────────────────────────────────────┘|
 setup.exe   7,340,032 バイト   2026-07-07 07:07:00                                                                     |
                                                                                                                        |
 Enter 開く  BS 親へ  Tab 切替  Space マーク  g パス  . 隠し  ? ヘルプ  q 終了                                          |
-- styles --
aaaaaaaaaaaaaaaaaaaaaaaaaaaaaaaaaaaaaaaaaaaaaaaaaaaaaaaaaaaa............................................................
abbbbbbbbbbbbbbbbbbbbbbbbbbbbbbbbbbbbbbbbbbbbbbbbbbbbbbbbbba.cccccccccccccccccccccccccccccccccccccccccccccccccccccccccc.
adddddddddddddddddddddddddddddddddddddddddddddddddddddddddda.bbbbbbbbbbbbbbbbbbbbbbbbbbbbbbbbbbbbbbbbbbbbbbbbbbbbbbbbbb.
abbbbbbbbbbbbbbbbbbbbbbbbbbbbbbbbbbbbbbbbbbbbbbbbbbbbbbbbbba.bbbbbbbbbbbbbbbbbbbbbbbbbbbbbbbbbbbbbbbbbbbbbbbbbbbbbbbbbb.
abbbbbbbbbbbbbbbbbbbbbbbbbbbbbbbbbbbbbbbbbbbbbbbbbbbbbbbbbba.bbbbbbbbbbbbbbbbbbbbbbbbbbbbbbbbbbbbbbbbbbbbbbbbbbbbbbbbbb.
abbbbbbbbbbbbbbbbbbbbbbbbbbbbbbbbbbbbbbbbbbbbbbbbbbbbbbbbbba............................................................
aeeeeeeeeeeeeeeeeeeeeeeeeeeeeeeeeeeeeeeeeeeeeeeeeeeeeeeeeeea............................................................
a....f........f............................................a............................................................
a..........................................................a............................................................
agggggggggggggggggggggggggggggggggggggggggggggggggggggggggga............................................................
a.......................................................................................................................
ahhhhhhhhhhhhhhhhhhhhhhh..aaaaaaaaaaaa..................................................................................
aiiiiiiiiiiiiiiiiiiiiiii..aaaaaaaaaaaaaaaaaa............................................................................
a.........................aaaaa.........................................................................................
a.........................aaaaaaaaa.....................................................................................
a.........................aaa...........................................................................................
a.ff......................aaaaaaaaaa....................................................................................
a.........................aaaaa.........................................................................................
a.........................a.............................................................................................
a.........................a.............................................................................................
a.........................a.............................................................................................
a.........................a.............................................................................................
a.........................aaaaaa........................................................................................
a.........................aaa...........................................................................................
a.........................a.............................................................................................
a.........................aaaaaaaaaaaaa.................................................................................
a.......................................................................................................................
a..........................................................a............................................................
a..........................................................a............................................................
a..........................................................a............................................................
a..........................................................a............................................................
a..........................................................a............................................................
a..........................................................a............................................................
a..........................................................a............................................................
a..........................................................a............................................................
a..........................................................a............................................................
aaaaaaaaaaaaaaaaaaaaaaaaaaaaaaaaaaaaaaaaaaaaaaaaaaaaaaaaaaaa............................................................
........................................................................................................................
........................................................................................................................
.jjjjjjjjjjjjjjjjjjjjjjjjjjjjjjjjjjjjjjjjjjjjjjjjjjjjjjjjjjjjjjjjjjjjjjjjjjjjj..........................................
a = fg=default bg=default bold
b = fg=blue bg=default bold
c = fg=blue bg=default bold,underline
d = fg=magenta bg=default bold
e = fg=cyan bg=default
f = fg=brightred bg=default bold
g = fg=yellow bg=default
h = fg=default bg=default reverse
i = fg=red bg=default
j = fg=default bg=default dim
-- cursor --
0 0 false
