 衝突の確認   コピー  /Users/hiro/Documents -> /Users/hiro                                                              |
 衝突 7 件（トップレベル 3 件）  未選択 5 件（未選択はスキップします）                                                  |
 ! 空き容量が足りない見込みです                                                                                         |
────────────────────────────────────────────────────────────────────────────────────────────────────────────────────────|
  名前                                                            コピー元             コピー先             決定        |
  写真/                                                           <DIR> 09-12 09:15 新 <DIR> 08-02 12:00    マージ      |
    IMG_0012.jpg                                                   2.0M 09-01 00:00     2.0M 09-01 00:00    未選択      |
    IMG_0013.jpg                                                   3.0M 09-02 00:00 新  3.0M 08-02 00:00    上書き      |
  議事録/                                                         <DIR> 09-20 18:02 新 <DIR> 09-01 10:00    未選択      |
    （内側の衝突 2 件。マージを選ぶと表示します）                                                                       |
> メモ.txt                                                         1.2M 09-24 11:19 新  1.1M 09-20 09:00    未選択      |
                                                                                                                        |
                                                                                                                        |
                                                                                                                        |
                                                                                                                        |
                                                                                                                        |
                                                                                                                        |
                                                                                                                        |
                                                                                                                        |
                                                                                                                        |
                                                                                                                        |
                                                                                                                        |
                                                                                                                        |
                                                                                                                        |
                                                                                                                        |
                                                                                                                        |
                                                                                                                        |
                                                                                                                        |
                                                                                                                        |
                                                                                                                        |
                                                                                                                        |
                                                                                                                        |
                                                                                                                        |
                                                                                                                        |
                                                                                                                        |
                                                                                                                        |
 マージは、フォルダ同士の衝突でだけ使えます                                                                             |
 この行: s スキップ  o 上書き  r 自動リネーム  m マージ                                                                 |
 すべて: S スキップ  O 上書き  N 新しいときだけ上書き  R 自動リネーム  M マージ                                         |
 Enter 実行  Esc やめる  Space 展開・折りたたみ  u 未選択だけ表示                                                       |
-- styles --
.aaaaaaaaaaaaaaaaaaaaaaaaaaaaaaaaaaaaaaaaaaaaaaaaaaaaaaaaa..............................................................
.................................bbbbbbbbbbbbbbbbbbbbbbbbbbbbbbbbbbbbb..................................................
.bbbbbbbbbbbbbbbbbbbbbbbbbbbbbb.........................................................................................
cccccccccccccccccccccccccccccccccccccccccccccccccccccccccccccccccccccccccccccccccccccccccccccccccccccccccccccccccccccccc
..cccc............................................................cccccccc.............cccccccc.............cccc........
........................................................................................................................
............................................................................................................cccccc......
........................................................................................................................
............................................................................................................cccccc......
..ccccccccccccccccccccccccccccccccccccccccccccccc.......................................................................
ddddddddddddddddddddddddddddddddddddddddddddddddddddddddddddddddddddddddddddddddddddddddddddddddddddddddddddeeeeeedddddd
........................................................................................................................
........................................................................................................................
........................................................................................................................
........................................................................................................................
........................................................................................................................
........................................................................................................................
........................................................................................................................
........................................................................................................................
........................................................................................................................
........................................................................................................................
........................................................................................................................
........................................................................................................................
........................................................................................................................
........................................................................................................................
........................................................................................................................
........................................................................................................................
........................................................................................................................
........................................................................................................................
........................................................................................................................
........................................................................................................................
........................................................................................................................
........................................................................................................................
........................................................................................................................
........................................................................................................................
........................................................................................................................
.ffffffffffffffffffffffffffffffffffffffffff.............................................................................
...............................................cccccccc.................................................................
........................................................................................................................
........................................................................................................................
a = fg=default bg=default bold
b = fg=yellow bg=default bold
c = fg=default bg=default dim
d = fg=default bg=default reverse
e = fg=default bg=default dim,reverse
f = fg=red bg=default
-- cursor --
0 0 false
