┌─ /Users/hiro/Documents ──────────────┐╔═ /Users/hiro ════════════════════════╗|
│ ..                  <DIR>            │║ ..                  <DIR>            ║|
│*写真                <DIR> 09-12 09:15│║ Desktop             <DIR> 09-20 10:00║|
│ 空のフォルダ        <DIR> 09-01 00:00│║ Documents           <DIR> 09-24 11:19║|
│*議事録              <DIR> 09-20 18:02│║ Downloads           <DIR> 09-25 09:00║|
│ data.bin                8 09-02 00:00│║ Music               <DIR> 08-01 00:00║|
│*メモ.t╔═ コピー中 ═══════════════════════════════════════════════════╗       ║|
│ 古いメ║     ╔═ 中止の確認 ═════════════════════════════════════╗     ║       ║|
│       ║ /Use║                                                  ║     ║       ║|
│       ║ [###║ 中止しますか？                                   ║44%  ║       ║|
│       ║ ファ║ 書きかけのファイルは残りません。                 ║     ║       ║|
│       ║ 毎秒║ 完了した項目はそのまま残ります。                 ║     ║       ║|
│       ║     ║                                                  ║     ║       ║|
│       ║ Esc ║ y 中止する   n 続ける                            ║     ║       ║|
│       ╚═════╚══════════════════════════════════════════════════╝═════╝       ║|
│                                      │║                                      ║|
│                                      │║                                      ║|
│                                      │║                                      ║|
│                                      │║                                      ║|
│                                      │║                                      ║|
└─ 6 項目  マーク 3  隠し 1 ───────────┘╚═ 4 項目  隠し 2 ═════════════════════╝|
 ..   親のフォルダ                                                覚えた項目 3  |
                                                                                |
 h 親へ  Tab 切替  Space マーク  y 覚える  p 貼る  v 表示  ? ヘルプ  q 終了     |
-- styles --
........................................aaaaaaaaaaaaaaaaaaaaaaaaaaaaaaaaaaaaaaaa
.bbbbbbbbbbbbbbbbbbbbbbbbbbbbbbbbbbbbbb.acccccccccccccccccccccccccccccccccccccca
.dddddddddddddddddddddddddddddddddddddd.abbbbbbbbbbbbbbbbbbbbbbbbbbbbbbbbbbbbbba
.bbbbbbbbbbbbbbbbbbbbbbbbbbbbbbbbbbbbbb.abbbbbbbbbbbbbbbbbbbbbbbbbbbbbbbbbbbbbba
.dddddddddddddddddddddddddddddddddddddd.abbbbbbbbbbbbbbbbbbbbbbbbbbbbbbbbbbbbbba
........................................abbbbbbbbbbbbbbbbbbbbbbbbbbbbbbbbbbbbbba
.dddddddaaaaaaaaaaaaaaaaaaaaaaaaaaaaaaaaaaaaaaaaaaaaaaaaaaaaaaaaaaaaaaaa.......a
.eeeeeeea.....aaaaaaaaaaaaaaaaaaaaaaaaaaaaaaaaaaaaaaaaaaaaaaaaaaaa.....a.......a
........a.....a..................................................a.....a.......a
........a.....a.aaaaaaaaaaaaaa...................................a.....a.......a
........a.....a..................................................a.....a.......a
........a.....a..................................................a.....a.......a
........a.....a..................................................a.....a.......a
........a.aaaaa.aaaaaaaaaaaaaaaaaaaaa............................a.....a.......a
........aaaaaaaaaaaaaaaaaaaaaaaaaaaaaaaaaaaaaaaaaaaaaaaaaaaaaaaaaaaaaaaa.......a
........................................a......................................a
........................................a......................................a
........................................a......................................a
........................................a......................................a
........................................a......................................a
........................................aaaaaaaaaaaaaaaaaaaaaaaaaaaaaaaaaaaaaaaa
.................................................................ffffffffffffff.
................................................................................
.gggggggggggggggggggggggggggggggggggggggggggggggggggggggggggggggggggggggggg.....
a = fg=default bg=default bold
b = fg=blue bg=default bold
c = fg=blue bg=default bold,reverse
d = fg=yellow bg=default bold
e = fg=default bg=default underline
f = fg=default bg=default reverse
g = fg=default bg=default dim
-- cursor --
0 0 false
