# event	browse	planning	help	path	rename	newdir	exec	confirm	conflicts	progress	cancelask	result	delete
Esc	Cancel	Cancel	Cancel	Cancel	Cancel	Cancel	Cancel	Cancel	Cancel	Cancel	Cancel	Cancel	Cancel
Shift+Esc	-	-	Cancel	Cancel	Cancel	Cancel	Cancel	Cancel	Cancel	Cancel	Cancel	Cancel	Cancel
Alt+Esc	-	-	Cancel	Cancel	Cancel	Cancel	Cancel	Cancel	Cancel	Cancel	Cancel	Cancel	Cancel
Ctrl+Esc	-	-	Cancel	Cancel	Cancel	Cancel	Cancel	Cancel	Cancel	Cancel	Cancel	Cancel	Cancel
Meta+Esc	-	-	Cancel	Cancel	Cancel	Cancel	Cancel	Cancel	Cancel	Cancel	Cancel	Cancel	Cancel
Ctrl+Shift+Esc	-	-	Cancel	Cancel	Cancel	Cancel	Cancel	Cancel	Cancel	Cancel	Cancel	Cancel	Cancel
Enter	Enter	-	Cancel	Submit	Submit	Submit	-	Submit	Submit	-	-	Submit	Submit
Shift+Enter	-	-	Cancel	Submit	Submit	Submit	-	-	-	-	-	-	-
Alt+Enter	-	-	Cancel	Submit	Submit	Submit	-	-	-	-	-	-	-
Ctrl+Enter	-	-	Cancel	Submit	Submit	Submit	-	-	-	-	-	-	-
Meta+Enter	-	-	Cancel	Submit	Submit	Submit	-	-	-	-	-	-	-
Ctrl+Shift+Enter	-	-	Cancel	Submit	Submit	Submit	-	-	-	-	-	-	-
Tab	NextPane	-	Cancel	-	-	-	-	-	-	-	-	-	-
Shift+Tab	-	-	Cancel	-	-	-	-	-	-	-	-	-	-
Alt+Tab	-	-	Cancel	-	-	-	-	-	-	-	-	-	-
Ctrl+Tab	-	-	Cancel	-	-	-	-	-	-	-	-	-	-
Meta+Tab	-	-	Cancel	-	-	-	-	-	-	-	-	-	-
Ctrl+Shift+Tab	-	-	Cancel	-	-	-	-	-	-	-	-	-	-
Backspace	Parent	-	Cancel	Backspace	Backspace	Backspace	-	-	-	-	-	-	-
Shift+Backspace	-	-	Cancel	Backspace	Backspace	Backspace	-	-	-	-	-	-	-
Alt+Backspace	-	-	Cancel	Backspace	Backspace	Backspace	-	-	-	-	-	-	-
Ctrl+Backspace	-	-	Cancel	Backspace	Backspace	Backspace	-	-	-	-	-	-	-
Meta+Backspace	-	-	Cancel	Backspace	Backspace	Backspace	-	-	-	-	-	-	-
Ctrl+Shift+Backspace	-	-	Cancel	Backspace	Backspace	Backspace	-	-	-	-	-	-	-
Insert	-	-	Cancel	-	-	-	-	-	-	-	-	-	-
Shift+Insert	-	-	Cancel	-	-	-	-	-	-	-	-	-	-
Alt+Insert	-	-	Cancel	-	-	-	-	-	-	-	-	-	-
Ctrl+Insert	-	-	Cancel	-	-	-	-	-	-	-	-	-	-
Meta+Insert	-	-	Cancel	-	-	-	-	-	-	-	-	-	-
Ctrl+Shift+Insert	-	-	Cancel	-	-	-	-	-	-	-	-	-	-
Delete	-	-	Cancel	Delete	Delete	Delete	-	-	-	-	-	-	-
Shift+Delete	-	-	Cancel	Delete	Delete	Delete	-	-	-	-	-	-	-
Alt+Delete	-	-	Cancel	Delete	Delete	Delete	-	-	-	-	-	-	-
Ctrl+Delete	-	-	Cancel	Delete	Delete	Delete	-	-	-	-	-	-	-
Meta+Delete	-	-	Cancel	Delete	Delete	Delete	-	-	-	-	-	-	-
Ctrl+Shift+Delete	-	-	Cancel	Delete	Delete	Delete	-	-	-	-	-	-	-
Up	Up	-	Cancel	-	-	-	-	-	Up	-	-	Up	-
Shift+Up	-	-	Cancel	-	-	-	-	-	Up	-	-	Up	-
Alt+Up	-	-	Cancel	-	-	-	-	-	Up	-	-	Up	-
Ctrl+Up	-	-	Cancel	-	-	-	-	-	Up	-	-	Up	-
Meta+Up	-	-	Cancel	-	-	-	-	-	Up	-	-	Up	-
Ctrl+Shift+Up	-	-	Cancel	-	-	-	-	-	Up	-	-	Up	-
Down	Down	-	Cancel	-	-	-	-	-	Down	-	-	Down	-
Shift+Down	-	-	Cancel	-	-	-	-	-	Down	-	-	Down	-
Alt+Down	-	-	Cancel	-	-	-	-	-	Down	-	-	Down	-
Ctrl+Down	-	-	Cancel	-	-	-	-	-	Down	-	-	Down	-
Meta+Down	-	-	Cancel	-	-	-	-	-	Down	-	-	Down	-
Ctrl+Shift+Down	-	-	Cancel	-	-	-	-	-	Down	-	-	Down	-
Right	EnterDir	-	Cancel	Right	Right	Right	-	-	-	-	-	-	-
Shift+Right	-	-	Cancel	Right	Right	Right	-	-	-	-	-	-	-
Alt+Right	-	-	Cancel	Right	Right	Right	-	-	-	-	-	-	-
Ctrl+Right	-	-	Cancel	Right	Right	Right	-	-	-	-	-	-	-
Meta+Right	-	-	Cancel	Right	Right	Right	-	-	-	-	-	-	-
Ctrl+Shift+Right	-	-	Cancel	Right	Right	Right	-	-	-	-	-	-	-
Left	Parent	-	Cancel	Left	Left	Left	-	-	-	-	-	-	-
Shift+Left	-	-	Cancel	Left	Left	Left	-	-	-	-	-	-	-
Alt+Left	-	-	Cancel	Left	Left	Left	-	-	-	-	-	-	-
Ctrl+Left	-	-	Cancel	Left	Left	Left	-	-	-	-	-	-	-
Meta+Left	-	-	Cancel	Left	Left	Left	-	-	-	-	-	-	-
Ctrl+Shift+Left	-	-	Cancel	Left	Left	Left	-	-	-	-	-	-	-
Home	Home	-	Cancel	LineHome	LineHome	LineHome	-	-	Home	-	-	Home	-
Shift+Home	-	-	Cancel	LineHome	LineHome	LineHome	-	-	Home	-	-	Home	-
Alt+Home	-	-	Cancel	LineHome	LineHome	LineHome	-	-	Home	-	-	Home	-
Ctrl+Home	-	-	Cancel	LineHome	LineHome	LineHome	-	-	Home	-	-	Home	-
Meta+Home	-	-	Cancel	LineHome	LineHome	LineHome	-	-	Home	-	-	Home	-
Ctrl+Shift+Home	-	-	Cancel	LineHome	LineHome	LineHome	-	-	Home	-	-	Home	-
End	End	-	Cancel	LineEnd	LineEnd	LineEnd	-	-	End	-	-	End	-
Shift+End	-	-	Cancel	LineEnd	LineEnd	LineEnd	-	-	End	-	-	End	-
Alt+End	-	-	Cancel	LineEnd	LineEnd	LineEnd	-	-	End	-	-	End	-
Ctrl+End	-	-	Cancel	LineEnd	LineEnd	LineEnd	-	-	End	-	-	End	-
Meta+End	-	-	Cancel	LineEnd	LineEnd	LineEnd	-	-	End	-	-	End	-
Ctrl+Shift+End	-	-	Cancel	LineEnd	LineEnd	LineEnd	-	-	End	-	-	End	-
PageUp	PageUp	-	Cancel	-	-	-	-	-	PageUp	-	-	PageUp	-
Shift+PageUp	-	-	Cancel	-	-	-	-	-	PageUp	-	-	PageUp	-
Alt+PageUp	-	-	Cancel	-	-	-	-	-	PageUp	-	-	PageUp	-
Ctrl+PageUp	-	-	Cancel	-	-	-	-	-	PageUp	-	-	PageUp	-
Meta+PageUp	-	-	Cancel	-	-	-	-	-	PageUp	-	-	PageUp	-
Ctrl+Shift+PageUp	-	-	Cancel	-	-	-	-	-	PageUp	-	-	PageUp	-
PageDown	PageDown	-	Cancel	-	-	-	-	-	PageDown	-	-	PageDown	-
Shift+PageDown	-	-	Cancel	-	-	-	-	-	PageDown	-	-	PageDown	-
Alt+PageDown	-	-	Cancel	-	-	-	-	-	PageDown	-	-	PageDown	-
Ctrl+PageDown	-	-	Cancel	-	-	-	-	-	PageDown	-	-	PageDown	-
Meta+PageDown	-	-	Cancel	-	-	-	-	-	PageDown	-	-	PageDown	-
Ctrl+Shift+PageDown	-	-	Cancel	-	-	-	-	-	PageDown	-	-	PageDown	-
F1	-	-	Cancel	-	-	-	-	-	-	-	-	-	-
Shift+F1	-	-	Cancel	-	-	-	-	-	-	-	-	-	-
Alt+F1	-	-	Cancel	-	-	-	-	-	-	-	-	-	-
Ctrl+F1	-	-	Cancel	-	-	-	-	-	-	-	-	-	-
Meta+F1	-	-	Cancel	-	-	-	-	-	-	-	-	-	-
Ctrl+Shift+F1	-	-	Cancel	-	-	-	-	-	-	-	-	-	-
F2	-	-	Cancel	-	-	-	-	-	-	-	-	-	-
Shift+F2	-	-	Cancel	-	-	-	-	-	-	-	-	-	-
Alt+F2	-	-	Cancel	-	-	-	-	-	-	-	-	-	-
Ctrl+F2	-	-	Cancel	-	-	-	-	-	-	-	-	-	-
Meta+F2	-	-	Cancel	-	-	-	-	-	-	-	-	-	-
Ctrl+Shift+F2	-	-	Cancel	-	-	-	-	-	-	-	-	-	-
F3	-	-	Cancel	-	-	-	-	-	-	-	-	-	-
Shift+F3	-	-	Cancel	-	-	-	-	-	-	-	-	-	-
Alt+F3	-	-	Cancel	-	-	-	-	-	-	-	-	-	-
Ctrl+F3	-	-	Cancel	-	-	-	-	-	-	-	-	-	-
Meta+F3	-	-	Cancel	-	-	-	-	-	-	-	-	-	-
Ctrl+Shift+F3	-	-	Cancel	-	-	-	-	-	-	-	-	-	-
F4	-	-	Cancel	-	-	-	-	-	-	-	-	-	-
Shift+F4	-	-	Cancel	-	-	-	-	-	-	-	-	-	-
Alt+F4	-	-	Cancel	-	-	-	-	-	-	-	-	-	-
Ctrl+F4	-	-	Cancel	-	-	-	-	-	-	-	-	-	-
Meta+F4	-	-	Cancel	-	-	-	-	-	-	-	-	-	-
Ctrl+Shift+F4	-	-	Cancel	-	-	-	-	-	-	-	-	-	-
F5	-	-	Cancel	-	-	-	-	-	-	-	-	-	-
Shift+F5	-	-	Cancel	-	-	-	-	-	-	-	-	-	-
Alt+F5	-	-	Cancel	-	-	-	-	-	-	-	-	-	-
Ctrl+F5	-	-	Cancel	-	-	-	-	-	-	-	-	-	-
Meta+F5	-	-	Cancel	-	-	-	-	-	-	-	-	-	-
Ctrl+Shift+F5	-	-	Cancel	-	-	-	-	-	-	-	-	-	-
F6	-	-	Cancel	-	-	-	-	-	-	-	-	-	-
Shift+F6	-	-	Cancel	-	-	-	-	-	-	-	-	-	-
Alt+F6	-	-	Cancel	-	-	-	-	-	-	-	-	-	-
Ctrl+F6	-	-	Cancel	-	-	-	-	-	-	-	-	-	-
Meta+F6	-	-	Cancel	-	-	-	-	-	-	-	-	-	-
Ctrl+Shift+F6	-	-	Cancel	-	-	-	-	-	-	-	-	-	-
F7	-	-	Cancel	-	-	-	-	-	-	-	-	-	-
Shift+F7	-	-	Cancel	-	-	-	-	-	-	-	-	-	-
Alt+F7	-	-	Cancel	-	-	-	-	-	-	-	-	-	-
Ctrl+F7	-	-	Cancel	-	-	-	-	-	-	-	-	-	-
Meta+F7	-	-	Cancel	-	-	-	-	-	-	-	-	-	-
Ctrl+Shift+F7	-	-	Cancel	-	-	-	-	-	-	-	-	-	-
F8	-	-	Cancel	-	-	-	-	-	-	-	-	-	-
Shift+F8	-	-	Cancel	-	-	-	-	-	-	-	-	-	-
Alt+F8	-	-	Cancel	-	-	-	-	-	-	-	-	-	-
Ctrl+F8	-	-	Cancel	-	-	-	-	-	-	-	-	-	-
Meta+F8	-	-	Cancel	-	-	-	-	-	-	-	-	-	-
Ctrl+Shift+F8	-	-	Cancel	-	-	-	-	-	-	-	-	-	-
F9	-	-	Cancel	-	-	-	-	-	-	-	-	-	-
Shift+F9	-	-	Cancel	-	-	-	-	-	-	-	-	-	-
Alt+F9	-	-	Cancel	-	-	-	-	-	-	-	-	-	-
Ctrl+F9	-	-	Cancel	-	-	-	-	-	-	-	-	-	-
Meta+F9	-	-	Cancel	-	-	-	-	-	-	-	-	-	-
Ctrl+Shift+F9	-	-	Cancel	-	-	-	-	-	-	-	-	-	-
F10	-	-	Cancel	-	-	-	-	-	-	-	-	-	-
Shift+F10	-	-	Cancel	-	-	-	-	-	-	-	-	-	-
Alt+F10	-	-	Cancel	-	-	-	-	-	-	-	-	-	-
Ctrl+F10	-	-	Cancel	-	-	-	-	-	-	-	-	-	-
Meta+F10	-	-	Cancel	-	-	-	-	-	-	-	-	-	-
Ctrl+Shift+F10	-	-	Cancel	-	-	-	-	-	-	-	-	-	-
F11	-	-	Cancel	-	-	-	-	-	-	-	-	-	-
Shift+F11	-	-	Cancel	-	-	-	-	-	-	-	-	-	-
Alt+F11	-	-	Cancel	-	-	-	-	-	-	-	-	-	-
Ctrl+F11	-	-	Cancel	-	-	-	-	-	-	-	-	-	-
Meta+F11	-	-	Cancel	-	-	-	-	-	-	-	-	-	-
Ctrl+Shift+F11	-	-	Cancel	-	-	-	-	-	-	-	-	-	-
F12	-	-	Cancel	-	-	-	-	-	-	-	-	-	-
Shift+F12	-	-	Cancel	-	-	-	-	-	-	-	-	-	-
Alt+F12	-	-	Cancel	-	-	-	-	-	-	-	-	-	-
Ctrl+F12	-	-	Cancel	-	-	-	-	-	-	-	-	-	-
Meta+F12	-	-	Cancel	-	-	-	-	-	-	-	-	-	-
Ctrl+Shift+F12	-	-	Cancel	-	-	-	-	-	-	-	-	-	-
F13	-	-	Cancel	-	-	-	-	-	-	-	-	-	-
Shift+F13	-	-	Cancel	-	-	-	-	-	-	-	-	-	-
Alt+F13	-	-	Cancel	-	-	-	-	-	-	-	-	-	-
Ctrl+F13	-	-	Cancel	-	-	-	-	-	-	-	-	-	-
Meta+F13	-	-	Cancel	-	-	-	-	-	-	-	-	-	-
Ctrl+Shift+F13	-	-	Cancel	-	-	-	-	-	-	-	-	-	-
F14	-	-	Cancel	-	-	-	-	-	-	-	-	-	-
Shift+F14	-	-	Cancel	-	-	-	-	-	-	-	-	-	-
Alt+F14	-	-	Cancel	-	-	-	-	-	-	-	-	-	-
Ctrl+F14	-	-	Cancel	-	-	-	-	-	-	-	-	-	-
Meta+F14	-	-	Cancel	-	-	-	-	-	-	-	-	-	-
Ctrl+Shift+F14	-	-	Cancel	-	-	-	-	-	-	-	-	-	-
F15	-	-	Cancel	-	-	-	-	-	-	-	-	-	-
Shift+F15	-	-	Cancel	-	-	-	-	-	-	-	-	-	-
Alt+F15	-	-	Cancel	-	-	-	-	-	-	-	-	-	-
Ctrl+F15	-	-	Cancel	-	-	-	-	-	-	-	-	-	-
Meta+F15	-	-	Cancel	-	-	-	-	-	-	-	-	-	-
Ctrl+Shift+F15	-	-	Cancel	-	-	-	-	-	-	-	-	-	-
F16	-	-	Cancel	-	-	-	-	-	-	-	-	-	-
Shift+F16	-	-	Cancel	-	-	-	-	-	-	-	-	-	-
Alt+F16	-	-	Cancel	-	-	-	-	-	-	-	-	-	-
Ctrl+F16	-	-	Cancel	-	-	-	-	-	-	-	-	-	-
Meta+F16	-	-	Cancel	-	-	-	-	-	-	-	-	-	-
Ctrl+Shift+F16	-	-	Cancel	-	-	-	-	-	-	-	-	-	-
F17	-	-	Cancel	-	-	-	-	-	-	-	-	-	-
Shift+F17	-	-	Cancel	-	-	-	-	-	-	-	-	-	-
Alt+F17	-	-	Cancel	-	-	-	-	-	-	-	-	-	-
Ctrl+F17	-	-	Cancel	-	-	-	-	-	-	-	-	-	-
Meta+F17	-	-	Cancel	-	-	-	-	-	-	-	-	-	-
Ctrl+Shift+F17	-	-	Cancel	-	-	-	-	-	-	-	-	-	-
F18	-	-	Cancel	-	-	-	-	-	-	-	-	-	-
Shift+F18	-	-	Cancel	-	-	-	-	-	-	-	-	-	-
Alt+F18	-	-	Cancel	-	-	-	-	-	-	-	-	-	-
Ctrl+F18	-	-	Cancel	-	-	-	-	-	-	-	-	-	-
Meta+F18	-	-	Cancel	-	-	-	-	-	-	-	-	-	-
Ctrl+Shift+F18	-	-	Cancel	-	-	-	-	-	-	-	-	-	-
F19	-	-	Cancel	-	-	-	-	-	-	-	-	-	-
Shift+F19	-	-	Cancel	-	-	-	-	-	-	-	-	-	-
Alt+F19	-	-	Cancel	-	-	-	-	-	-	-	-	-	-
Ctrl+F19	-	-	Cancel	-	-	-	-	-	-	-	-	-	-
Meta+F19	-	-	Cancel	-	-	-	-	-	-	-	-	-	-
Ctrl+Shift+F19	-	-	Cancel	-	-	-	-	-	-	-	-	-	-
F20	-	-	Cancel	-	-	-	-	-	-	-	-	-	-
Shift+F20	-	-	Cancel	-	-	-	-	-	-	-	-	-	-
Alt+F20	-	-	Cancel	-	-	-	-	-	-	-	-	-	-
Ctrl+F20	-	-	Cancel	-	-	-	-	-	-	-	-	-	-
Meta+F20	-	-	Cancel	-	-	-	-	-	-	-	-	-	-
Ctrl+Shift+F20	-	-	Cancel	-	-	-	-	-	-	-	-	-	-
'あ'	-	-	Cancel	Insert:"あ"	Insert:"あ"	Insert:"あ"	-	-	-	-	-	-	-
Shift+'あ'	-	-	Cancel	Insert:"あ"	Insert:"あ"	Insert:"あ"	-	-	-	-	-	-	-
Alt+'あ'	-	-	Cancel	-	-	-	-	-	-	-	-	-	-
Ctrl+'あ'	-	-	Cancel	-	-	-	-	-	-	-	-	-	-
Meta+'あ'	-	-	Cancel	-	-	-	-	-	-	-	-	-	-
Ctrl+Shift+'あ'	-	-	Cancel	-	-	-	-	-	-	-	-	-	-
'é'	-	-	Cancel	Insert:"é"	Insert:"é"	Insert:"é"	-	-	-	-	-	-	-
Shift+'é'	-	-	Cancel	Insert:"é"	Insert:"é"	Insert:"é"	-	-	-	-	-	-	-
Alt+'é'	-	-	Cancel	-	-	-	-	-	-	-	-	-	-
Ctrl+'é'	-	-	Cancel	-	-	-	-	-	-	-	-	-	-
Meta+'é'	-	-	Cancel	-	-	-	-	-	-	-	-	-	-
Ctrl+Shift+'é'	-	-	Cancel	-	-	-	-	-	-	-	-	-	-
' '	Mark	-	Cancel	Insert:" "	Insert:" "	Insert:" "	-	-	Toggle	-	-	Toggle	-
Shift+' '	Mark	-	Cancel	Insert:" "	Insert:" "	Insert:" "	-	-	Toggle	-	-	Toggle	-
Alt+' '	-	-	Cancel	-	-	-	-	-	-	-	-	-	-
Ctrl+' '	-	-	Cancel	-	-	-	-	-	-	-	-	-	-
Meta+' '	-	-	Cancel	-	-	-	-	-	-	-	-	-	-
Ctrl+Shift+' '	-	-	Cancel	-	-	-	-	-	-	-	-	-	-
'!'	-	-	Cancel	Insert:"!"	Insert:"!"	Insert:"!"	-	-	-	-	-	-	-
Shift+'!'	-	-	Cancel	Insert:"!"	Insert:"!"	Insert:"!"	-	-	-	-	-	-	-
Alt+'!'	-	-	Cancel	-	-	-	-	-	-	-	-	-	-
Ctrl+'!'	-	-	Cancel	-	-	-	-	-	-	-	-	-	-
Meta+'!'	-	-	Cancel	-	-	-	-	-	-	-	-	-	-
Ctrl+Shift+'!'	-	-	Cancel	-	-	-	-	-	-	-	-	-	-
'"'	-	-	Cancel	Insert:"\""	Insert:"\""	Insert:"\""	-	-	-	-	-	-	-
Shift+'"'	-	-	Cancel	Insert:"\""	Insert:"\""	Insert:"\""	-	-	-	-	-	-	-
Alt+'"'	-	-	Cancel	-	-	-	-	-	-	-	-	-	-
Ctrl+'"'	-	-	Cancel	-	-	-	-	-	-	-	-	-	-
Meta+'"'	-	-	Cancel	-	-	-	-	-	-	-	-	-	-
Ctrl+Shift+'"'	-	-	Cancel	-	-	-	-	-	-	-	-	-	-
'#'	-	-	Cancel	Insert:"#"	Insert:"#"	Insert:"#"	-	-	-	-	-	-	-
Shift+'#'	-	-	Cancel	Insert:"#"	Insert:"#"	Insert:"#"	-	-	-	-	-	-	-
Alt+'#'	-	-	Cancel	-	-	-	-	-	-	-	-	-	-
Ctrl+'#'	-	-	Cancel	-	-	-	-	-	-	-	-	-	-
Meta+'#'	-	-	Cancel	-	-	-	-	-	-	-	-	-	-
Ctrl+Shift+'#'	-	-	Cancel	-	-	-	-	-	-	-	-	-	-
'$'	-	-	Cancel	Insert:"$"	Insert:"$"	Insert:"$"	-	-	-	-	-	-	-
Shift+'$'	-	-	Cancel	Insert:"$"	Insert:"$"	Insert:"$"	-	-	-	-	-	-	-
Alt+'$'	-	-	Cancel	-	-	-	-	-	-	-	-	-	-
Ctrl+'$'	-	-	Cancel	-	-	-	-	-	-	-	-	-	-
Meta+'$'	-	-	Cancel	-	-	-	-	-	-	-	-	-	-
Ctrl+Shift+'$'	-	-	Cancel	-	-	-	-	-	-	-	-	-	-
'%'	-	-	Cancel	Insert:"%"	Insert:"%"	Insert:"%"	-	-	-	-	-	-	-
Shift+'%'	-	-	Cancel	Insert:"%"	Insert:"%"	Insert:"%"	-	-	-	-	-	-	-
Alt+'%'	-	-	Cancel	-	-	-	-	-	-	-	-	-	-
Ctrl+'%'	-	-	Cancel	-	-	-	-	-	-	-	-	-	-
Meta+'%'	-	-	Cancel	-	-	-	-	-	-	-	-	-	-
Ctrl+Shift+'%'	-	-	Cancel	-	-	-	-	-	-	-	-	-	-
'&'	-	-	Cancel	Insert:"&"	Insert:"&"	Insert:"&"	-	-	-	-	-	-	-
Shift+'&'	-	-	Cancel	Insert:"&"	Insert:"&"	Insert:"&"	-	-	-	-	-	-	-
Alt+'&'	-	-	Cancel	-	-	-	-	-	-	-	-	-	-
Ctrl+'&'	-	-	Cancel	-	-	-	-	-	-	-	-	-	-
Meta+'&'	-	-	Cancel	-	-	-	-	-	-	-	-	-	-
Ctrl+Shift+'&'	-	-	Cancel	-	-	-	-	-	-	-	-	-	-
'\''	-	-	Cancel	Insert:"'"	Insert:"'"	Insert:"'"	-	-	-	-	-	-	-
Shift+'\''	-	-	Cancel	Insert:"'"	Insert:"'"	Insert:"'"	-	-	-	-	-	-	-
Alt+'\''	-	-	Cancel	-	-	-	-	-	-	-	-	-	-
Ctrl+'\''	-	-	Cancel	-	-	-	-	-	-	-	-	-	-
Meta+'\''	-	-	Cancel	-	-	-	-	-	-	-	-	-	-
Ctrl+Shift+'\''	-	-	Cancel	-	-	-	-	-	-	-	-	-	-
'('	-	-	Cancel	Insert:"("	Insert:"("	Insert:"("	-	-	-	-	-	-	-
Shift+'('	-	-	Cancel	Insert:"("	Insert:"("	Insert:"("	-	-	-	-	-	-	-
Alt+'('	-	-	Cancel	-	-	-	-	-	-	-	-	-	-
Ctrl+'('	-	-	Cancel	-	-	-	-	-	-	-	-	-	-
Meta+'('	-	-	Cancel	-	-	-	-	-	-	-	-	-	-
Ctrl+Shift+'('	-	-	Cancel	-	-	-	-	-	-	-	-	-	-
')'	-	-	Cancel	Insert:")"	Insert:")"	Insert:")"	-	-	-	-	-	-	-
Shift+')'	-	-	Cancel	Insert:")"	Insert:")"	Insert:")"	-	-	-	-	-	-	-
Alt+')'	-	-	Cancel	-	-	-	-	-	-	-	-	-	-
Ctrl+')'	-	-	Cancel	-	-	-	-	-	-	-	-	-	-
Meta+')'	-	-	Cancel	-	-	-	-	-	-	-	-	-	-
Ctrl+Shift+')'	-	-	Cancel	-	-	-	-	-	-	-	-	-	-
'*'	-	-	Cancel	Insert:"*"	Insert:"*"	Insert:"*"	-	-	-	-	-	-	-
Shift+'*'	-	-	Cancel	Insert:"*"	Insert:"*"	Insert:"*"	-	-	-	-	-	-	-
Alt+'*'	-	-	Cancel	-	-	-	-	-	-	-	-	-	-
Ctrl+'*'	-	-	Cancel	-	-	-	-	-	-	-	-	-	-
Meta+'*'	-	-	Cancel	-	-	-	-	-	-	-	-	-	-
Ctrl+Shift+'*'	-	-	Cancel	-	-	-	-	-	-	-	-	-	-
'+'	-	-	Cancel	Insert:"+"	Insert:"+"	Insert:"+"	-	-	-	-	-	-	-
Shift+'+'	-	-	Cancel	Insert:"+"	Insert:"+"	Insert:"+"	-	-	-	-	-	-	-
Alt+'+'	-	-	Cancel	-	-	-	-	-	-	-	-	-	-
Ctrl+'+'	-	-	Cancel	-	-	-	-	-	-	-	-	-	-
Meta+'+'	-	-	Cancel	-	-	-	-	-	-	-	-	-	-
Ctrl+Shift+'+'	-	-	Cancel	-	-	-	-	-	-	-	-	-	-
','	-	-	Cancel	Insert:","	Insert:","	Insert:","	-	-	-	-	-	-	-
Shift+','	-	-	Cancel	Insert:","	Insert:","	Insert:","	-	-	-	-	-	-	-
Alt+','	-	-	Cancel	-	-	-	-	-	-	-	-	-	-
Ctrl+','	-	-	Cancel	-	-	-	-	-	-	-	-	-	-
Meta+','	-	-	Cancel	-	-	-	-	-	-	-	-	-	-
Ctrl+Shift+','	-	-	Cancel	-	-	-	-	-	-	-	-	-	-
'-'	-	-	Cancel	Insert:"-"	Insert:"-"	Insert:"-"	-	-	-	-	-	-	-
Shift+'-'	-	-	Cancel	Insert:"-"	Insert:"-"	Insert:"-"	-	-	-	-	-	-	-
Alt+'-'	-	-	Cancel	-	-	-	-	-	-	-	-	-	-
Ctrl+'-'	-	-	Cancel	-	-	-	-	-	-	-	-	-	-
Meta+'-'	-	-	Cancel	-	-	-	-	-	-	-	-	-	-
Ctrl+Shift+'-'	-	-	Cancel	-	-	-	-	-	-	-	-	-	-
'.'	ToggleHidden	-	Cancel	Insert:"."	Insert:"."	Insert:"."	-	-	-	-	-	-	-
Shift+'.'	ToggleHidden	-	Cancel	Insert:"."	Insert:"."	Insert:"."	-	-	-	-	-	-	-
Alt+'.'	-	-	Cancel	-	-	-	-	-	-	-	-	-	-
Ctrl+'.'	-	-	Cancel	-	-	-	-	-	-	-	-	-	-
Meta+'.'	-	-	Cancel	-	-	-	-	-	-	-	-	-	-
Ctrl+Shift+'.'	-	-	Cancel	-	-	-	-	-	-	-	-	-	-
'/'	-	-	Cancel	Insert:"/"	Insert:"/"	Insert:"/"	-	-	-	-	-	-	-
Shift+'/'	-	-	Cancel	Insert:"/"	Insert:"/"	Insert:"/"	-	-	-	-	-	-	-
Alt+'/'	-	-	Cancel	-	-	-	-	-	-	-	-	-	-
Ctrl+'/'	-	-	Cancel	-	-	-	-	-	-	-	-	-	-
Meta+'/'	-	-	Cancel	-	-	-	-	-	-	-	-	-	-
Ctrl+Shift+'/'	-	-	Cancel	-	-	-	-	-	-	-	-	-	-
'0'	-	-	Cancel	Insert:"0"	Insert:"0"	Insert:"0"	-	-	-	-	-	-	-
Shift+'0'	-	-	Cancel	Insert:"0"	Insert:"0"	Insert:"0"	-	-	-	-	-	-	-
Alt+'0'	-	-	Cancel	-	-	-	-	-	-	-	-	-	-
Ctrl+'0'	-	-	Cancel	-	-	-	-	-	-	-	-	-	-
Meta+'0'	-	-	Cancel	-	-	-	-	-	-	-	-	-	-
Ctrl+Shift+'0'	-	-	Cancel	-	-	-	-	-	-	-	-	-	-
'1'	-	-	Cancel	Insert:"1"	Insert:"1"	Insert:"1"	-	-	-	-	-	-	-
Shift+'1'	-	-	Cancel	Insert:"1"	Insert:"1"	Insert:"1"	-	-	-	-	-	-	-
Alt+'1'	-	-	Cancel	-	-	-	-	-	-	-	-	-	-
Ctrl+'1'	-	-	Cancel	-	-	-	-	-	-	-	-	-	-
Meta+'1'	-	-	Cancel	-	-	-	-	-	-	-	-	-	-
Ctrl+Shift+'1'	-	-	Cancel	-	-	-	-	-	-	-	-	-	-
'2'	-	-	Cancel	Insert:"2"	Insert:"2"	Insert:"2"	-	-	-	-	-	-	-
Shift+'2'	-	-	Cancel	Insert:"2"	Insert:"2"	Insert:"2"	-	-	-	-	-	-	-
Alt+'2'	-	-	Cancel	-	-	-	-	-	-	-	-	-	-
Ctrl+'2'	-	-	Cancel	-	-	-	-	-	-	-	-	-	-
Meta+'2'	-	-	Cancel	-	-	-	-	-	-	-	-	-	-
Ctrl+Shift+'2'	-	-	Cancel	-	-	-	-	-	-	-	-	-	-
'3'	-	-	Cancel	Insert:"3"	Insert:"3"	Insert:"3"	-	-	-	-	-	-	-
Shift+'3'	-	-	Cancel	Insert:"3"	Insert:"3"	Insert:"3"	-	-	-	-	-	-	-
Alt+'3'	-	-	Cancel	-	-	-	-	-	-	-	-	-	-
Ctrl+'3'	-	-	Cancel	-	-	-	-	-	-	-	-	-	-
Meta+'3'	-	-	Cancel	-	-	-	-	-	-	-	-	-	-
Ctrl+Shift+'3'	-	-	Cancel	-	-	-	-	-	-	-	-	-	-
'4'	-	-	Cancel	Insert:"4"	Insert:"4"	Insert:"4"	-	-	-	-	-	-	-
Shift+'4'	-	-	Cancel	Insert:"4"	Insert:"4"	Insert:"4"	-	-	-	-	-	-	-
Alt+'4'	-	-	Cancel	-	-	-	-	-	-	-	-	-	-
Ctrl+'4'	-	-	Cancel	-	-	-	-	-	-	-	-	-	-
Meta+'4'	-	-	Cancel	-	-	-	-	-	-	-	-	-	-
Ctrl+Shift+'4'	-	-	Cancel	-	-	-	-	-	-	-	-	-	-
'5'	-	-	Cancel	Insert:"5"	Insert:"5"	Insert:"5"	-	-	-	-	-	-	-
Shift+'5'	-	-	Cancel	Insert:"5"	Insert:"5"	Insert:"5"	-	-	-	-	-	-	-
Alt+'5'	-	-	Cancel	-	-	-	-	-	-	-	-	-	-
Ctrl+'5'	-	-	Cancel	-	-	-	-	-	-	-	-	-	-
Meta+'5'	-	-	Cancel	-	-	-	-	-	-	-	-	-	-
Ctrl+Shift+'5'	-	-	Cancel	-	-	-	-	-	-	-	-	-	-
'6'	-	-	Cancel	Insert:"6"	Insert:"6"	Insert:"6"	-	-	-	-	-	-	-
Shift+'6'	-	-	Cancel	Insert:"6"	Insert:"6"	Insert:"6"	-	-	-	-	-	-	-
Alt+'6'	-	-	Cancel	-	-	-	-	-	-	-	-	-	-
Ctrl+'6'	-	-	Cancel	-	-	-	-	-	-	-	-	-	-
Meta+'6'	-	-	Cancel	-	-	-	-	-	-	-	-	-	-
Ctrl+Shift+'6'	-	-	Cancel	-	-	-	-	-	-	-	-	-	-
'7'	-	-	Cancel	Insert:"7"	Insert:"7"	Insert:"7"	-	-	-	-	-	-	-
Shift+'7'	-	-	Cancel	Insert:"7"	Insert:"7"	Insert:"7"	-	-	-	-	-	-	-
Alt+'7'	-	-	Cancel	-	-	-	-	-	-	-	-	-	-
Ctrl+'7'	-	-	Cancel	-	-	-	-	-	-	-	-	-	-
Meta+'7'	-	-	Cancel	-	-	-	-	-	-	-	-	-	-
Ctrl+Shift+'7'	-	-	Cancel	-	-	-	-	-	-	-	-	-	-
'8'	-	-	Cancel	Insert:"8"	Insert:"8"	Insert:"8"	-	-	-	-	-	-	-
Shift+'8'	-	-	Cancel	Insert:"8"	Insert:"8"	Insert:"8"	-	-	-	-	-	-	-
Alt+'8'	-	-	Cancel	-	-	-	-	-	-	-	-	-	-
Ctrl+'8'	-	-	Cancel	-	-	-	-	-	-	-	-	-	-
Meta+'8'	-	-	Cancel	-	-	-	-	-	-	-	-	-	-
Ctrl+Shift+'8'	-	-	Cancel	-	-	-	-	-	-	-	-	-	-
'9'	-	-	Cancel	Insert:"9"	Insert:"9"	Insert:"9"	-	-	-	-	-	-	-
Shift+'9'	-	-	Cancel	Insert:"9"	Insert:"9"	Insert:"9"	-	-	-	-	-	-	-
Alt+'9'	-	-	Cancel	-	-	-	-	-	-	-	-	-	-
Ctrl+'9'	-	-	Cancel	-	-	-	-	-	-	-	-	-	-
Meta+'9'	-	-	Cancel	-	-	-	-	-	-	-	-	-	-
Ctrl+Shift+'9'	-	-	Cancel	-	-	-	-	-	-	-	-	-	-
':'	-	-	Cancel	Insert:":"	Insert:":"	Insert:":"	-	-	-	-	-	-	-
Shift+':'	-	-	Cancel	Insert:":"	Insert:":"	Insert:":"	-	-	-	-	-	-	-
Alt+':'	-	-	Cancel	-	-	-	-	-	-	-	-	-	-
Ctrl+':'	-	-	Cancel	-	-	-	-	-	-	-	-	-	-
Meta+':'	-	-	Cancel	-	-	-	-	-	-	-	-	-	-
Ctrl+Shift+':'	-	-	Cancel	-	-	-	-	-	-	-	-	-	-
';'	-	-	Cancel	Insert:";"	Insert:";"	Insert:";"	-	-	-	-	-	-	-
Shift+';'	-	-	Cancel	Insert:";"	Insert:";"	Insert:";"	-	-	-	-	-	-	-
Alt+';'	-	-	Cancel	-	-	-	-	-	-	-	-	-	-
Ctrl+';'	-	-	Cancel	-	-	-	-	-	-	-	-	-	-
Meta+';'	-	-	Cancel	-	-	-	-	-	-	-	-	-	-
Ctrl+Shift+';'	-	-	Cancel	-	-	-	-	-	-	-	-	-	-
'<'	-	-	Cancel	Insert:"<"	Insert:"<"	Insert:"<"	-	-	-	-	-	-	-
Shift+'<'	-	-	Cancel	Insert:"<"	Insert:"<"	Insert:"<"	-	-	-	-	-	-	-
Alt+'<'	-	-	Cancel	-	-	-	-	-	-	-	-	-	-
Ctrl+'<'	-	-	Cancel	-	-	-	-	-	-	-	-	-	-
Meta+'<'	-	-	Cancel	-	-	-	-	-	-	-	-	-	-
Ctrl+Shift+'<'	-	-	Cancel	-	-	-	-	-	-	-	-	-	-
'='	SyncOther	-	Cancel	Insert:"="	Insert:"="	Insert:"="	-	-	-	-	-	-	-
Shift+'='	SyncOther	-	Cancel	Insert:"="	Insert:"="	Insert:"="	-	-	-	-	-	-	-
Alt+'='	-	-	Cancel	-	-	-	-	-	-	-	-	-	-
Ctrl+'='	-	-	Cancel	-	-	-	-	-	-	-	-	-	-
Meta+'='	-	-	Cancel	-	-	-	-	-	-	-	-	-	-
Ctrl+Shift+'='	-	-	Cancel	-	-	-	-	-	-	-	-	-	-
'>'	-	-	Cancel	Insert:">"	Insert:">"	Insert:">"	-	-	-	-	-	-	-
Shift+'>'	-	-	Cancel	Insert:">"	Insert:">"	Insert:">"	-	-	-	-	-	-	-
Alt+'>'	-	-	Cancel	-	-	-	-	-	-	-	-	-	-
Ctrl+'>'	-	-	Cancel	-	-	-	-	-	-	-	-	-	-
Meta+'>'	-	-	Cancel	-	-	-	-	-	-	-	-	-	-
Ctrl+Shift+'>'	-	-	Cancel	-	-	-	-	-	-	-	-	-	-
'?'	Help	-	Cancel	Insert:"?"	Insert:"?"	Insert:"?"	-	-	-	-	-	-	-
Shift+'?'	Help	-	Cancel	Insert:"?"	Insert:"?"	Insert:"?"	-	-	-	-	-	-	-
Alt+'?'	-	-	Cancel	-	-	-	-	-	-	-	-	-	-
Ctrl+'?'	-	-	Cancel	-	-	-	-	-	-	-	-	-	-
Meta+'?'	-	-	Cancel	-	-	-	-	-	-	-	-	-	-
Ctrl+Shift+'?'	-	-	Cancel	-	-	-	-	-	-	-	-	-	-
'@'	-	-	Cancel	Insert:"@"	Insert:"@"	Insert:"@"	-	-	-	-	-	-	-
Shift+'@'	-	-	Cancel	Insert:"@"	Insert:"@"	Insert:"@"	-	-	-	-	-	-	-
Alt+'@'	-	-	Cancel	-	-	-	-	-	-	-	-	-	-
Ctrl+'@'	-	-	Cancel	-	-	-	-	-	-	-	-	-	-
Meta+'@'	-	-	Cancel	-	-	-	-	-	-	-	-	-	-
Ctrl+Shift+'@'	-	-	Cancel	-	-	-	-	-	-	-	-	-	-
'A'	-	-	Cancel	Insert:"A"	Insert:"A"	Insert:"A"	-	-	-	-	-	-	-
Shift+'A'	-	-	Cancel	Insert:"A"	Insert:"A"	Insert:"A"	-	-	-	-	-	-	-
Alt+'A'	-	-	Cancel	-	-	-	-	-	-	-	-	-	-
Ctrl+'A'	-	-	Cancel	-	-	-	-	-	-	-	-	-	-
Meta+'A'	-	-	Cancel	-	-	-	-	-	-	-	-	-	-
Ctrl+Shift+'A'	-	-	Cancel	-	-	-	-	-	-	-	-	-	-
'B'	-	-	Cancel	Insert:"B"	Insert:"B"	Insert:"B"	-	-	-	-	-	-	-
Shift+'B'	-	-	Cancel	Insert:"B"	Insert:"B"	Insert:"B"	-	-	-	-	-	-	-
Alt+'B'	-	-	Cancel	-	-	-	-	-	-	-	-	-	-
Ctrl+'B'	-	-	Cancel	-	-	-	-	-	-	-	-	-	-
Meta+'B'	-	-	Cancel	-	-	-	-	-	-	-	-	-	-
Ctrl+Shift+'B'	-	-	Cancel	-	-	-	-	-	-	-	-	-	-
'C'	-	-	Cancel	Insert:"C"	Insert:"C"	Insert:"C"	-	-	-	-	-	-	-
Shift+'C'	-	-	Cancel	Insert:"C"	Insert:"C"	Insert:"C"	-	-	-	-	-	-	-
Alt+'C'	-	-	Cancel	-	-	-	-	-	-	-	-	-	-
Ctrl+'C'	-	-	Cancel	-	-	-	-	-	-	-	-	-	-
Meta+'C'	-	-	Cancel	-	-	-	-	-	-	-	-	-	-
Ctrl+Shift+'C'	-	-	Cancel	-	-	-	-	-	-	-	-	-	-
'D'	Purge	-	Cancel	Insert:"D"	Insert:"D"	Insert:"D"	-	Purge	-	-	-	Purge	-
Shift+'D'	Purge	-	Cancel	Insert:"D"	Insert:"D"	Insert:"D"	-	Purge	-	-	-	Purge	-
Alt+'D'	-	-	Cancel	-	-	-	-	-	-	-	-	-	-
Ctrl+'D'	-	-	Cancel	-	-	-	-	-	-	-	-	-	-
Meta+'D'	-	-	Cancel	-	-	-	-	-	-	-	-	-	-
Ctrl+Shift+'D'	-	-	Cancel	-	-	-	-	-	-	-	-	-	-
'E'	-	-	Cancel	Insert:"E"	Insert:"E"	Insert:"E"	-	-	-	-	-	-	-
Shift+'E'	-	-	Cancel	Insert:"E"	Insert:"E"	Insert:"E"	-	-	-	-	-	-	-
Alt+'E'	-	-	Cancel	-	-	-	-	-	-	-	-	-	-
Ctrl+'E'	-	-	Cancel	-	-	-	-	-	-	-	-	-	-
Meta+'E'	-	-	Cancel	-	-	-	-	-	-	-	-	-	-
Ctrl+Shift+'E'	-	-	Cancel	-	-	-	-	-	-	-	-	-	-
'F'	-	-	Cancel	Insert:"F"	Insert:"F"	Insert:"F"	-	-	-	-	-	-	-
Shift+'F'	-	-	Cancel	Insert:"F"	Insert:"F"	Insert:"F"	-	-	-	-	-	-	-
Alt+'F'	-	-	Cancel	-	-	-	-	-	-	-	-	-	-
Ctrl+'F'	-	-	Cancel	-	-	-	-	-	-	-	-	-	-
Meta+'F'	-	-	Cancel	-	-	-	-	-	-	-	-	-	-
Ctrl+Shift+'F'	-	-	Cancel	-	-	-	-	-	-	-	-	-	-
'G'	-	-	Cancel	Insert:"G"	Insert:"G"	Insert:"G"	-	-	-	-	-	-	-
Shift+'G'	-	-	Cancel	Insert:"G"	Insert:"G"	Insert:"G"	-	-	-	-	-	-	-
Alt+'G'	-	-	Cancel	-	-	-	-	-	-	-	-	-	-
Ctrl+'G'	-	-	Cancel	-	-	-	-	-	-	-	-	-	-
Meta+'G'	-	-	Cancel	-	-	-	-	-	-	-	-	-	-
Ctrl+Shift+'G'	-	-	Cancel	-	-	-	-	-	-	-	-	-	-
'H'	-	-	Cancel	Insert:"H"	Insert:"H"	Insert:"H"	-	-	-	-	-	-	-
Shift+'H'	-	-	Cancel	Insert:"H"	Insert:"H"	Insert:"H"	-	-	-	-	-	-	-
Alt+'H'	-	-	Cancel	-	-	-	-	-	-	-	-	-	-
Ctrl+'H'	-	-	Cancel	-	-	-	-	-	-	-	-	-	-
Meta+'H'	-	-	Cancel	-	-	-	-	-	-	-	-	-	-
Ctrl+Shift+'H'	-	-	Cancel	-	-	-	-	-	-	-	-	-	-
'I'	-	-	Cancel	Insert:"I"	Insert:"I"	Insert:"I"	-	-	-	-	-	-	-
Shift+'I'	-	-	Cancel	Insert:"I"	Insert:"I"	Insert:"I"	-	-	-	-	-	-	-
Alt+'I'	-	-	Cancel	-	-	-	-	-	-	-	-	-	-
Ctrl+'I'	-	-	Cancel	-	-	-	-	-	-	-	-	-	-
Meta+'I'	-	-	Cancel	-	-	-	-	-	-	-	-	-	-
Ctrl+Shift+'I'	-	-	Cancel	-	-	-	-	-	-	-	-	-	-
'J'	-	-	Cancel	Insert:"J"	Insert:"J"	Insert:"J"	-	-	-	-	-	-	-
Shift+'J'	-	-	Cancel	Insert:"J"	Insert:"J"	Insert:"J"	-	-	-	-	-	-	-
Alt+'J'	-	-	Cancel	-	-	-	-	-	-	-	-	-	-
Ctrl+'J'	-	-	Cancel	-	-	-	-	-	-	-	-	-	-
Meta+'J'	-	-	Cancel	-	-	-	-	-	-	-	-	-	-
Ctrl+Shift+'J'	-	-	Cancel	-	-	-	-	-	-	-	-	-	-
'K'	-	-	Cancel	Insert:"K"	Insert:"K"	Insert:"K"	-	-	-	-	-	-	-
Shift+'K'	-	-	Cancel	Insert:"K"	Insert:"K"	Insert:"K"	-	-	-	-	-	-	-
Alt+'K'	-	-	Cancel	-	-	-	-	-	-	-	-	-	-
Ctrl+'K'	-	-	Cancel	-	-	-	-	-	-	-	-	-	-
Meta+'K'	-	-	Cancel	-	-	-	-	-	-	-	-	-	-
Ctrl+Shift+'K'	-	-	Cancel	-	-	-	-	-	-	-	-	-	-
'L'	LastResult	-	Cancel	Insert:"L"	Insert:"L"	Insert:"L"	-	-	-	-	-	-	-
Shift+'L'	LastResult	-	Cancel	Insert:"L"	Insert:"L"	Insert:"L"	-	-	-	-	-	-	-
Alt+'L'	-	-	Cancel	-	-	-	-	-	-	-	-	-	-
Ctrl+'L'	-	-	Cancel	-	-	-	-	-	-	-	-	-	-
Meta+'L'	-	-	Cancel	-	-	-	-	-	-	-	-	-	-
Ctrl+Shift+'L'	-	-	Cancel	-	-	-	-	-	-	-	-	-	-
'M'	-	-	Cancel	Insert:"M"	Insert:"M"	Insert:"M"	-	-	DecideAll:DecisionMerge	-	-	-	-
Shift+'M'	-	-	Cancel	Insert:"M"	Insert:"M"	Insert:"M"	-	-	DecideAll:DecisionMerge	-	-	-	-
Alt+'M'	-	-	Cancel	-	-	-	-	-	-	-	-	-	-
Ctrl+'M'	-	-	Cancel	-	-	-	-	-	-	-	-	-	-
Meta+'M'	-	-	Cancel	-	-	-	-	-	-	-	-	-	-
Ctrl+Shift+'M'	-	-	Cancel	-	-	-	-	-	-	-	-	-	-
'N'	-	-	Cancel	Insert:"N"	Insert:"N"	Insert:"N"	-	-	NewerOnly	-	-	-	-
Shift+'N'	-	-	Cancel	Insert:"N"	Insert:"N"	Insert:"N"	-	-	NewerOnly	-	-	-	-
Alt+'N'	-	-	Cancel	-	-	-	-	-	-	-	-	-	-
Ctrl+'N'	-	-	Cancel	-	-	-	-	-	-	-	-	-	-
Meta+'N'	-	-	Cancel	-	-	-	-	-	-	-	-	-	-
Ctrl+Shift+'N'	-	-	Cancel	-	-	-	-	-	-	-	-	-	-
'O'	-	-	Cancel	Insert:"O"	Insert:"O"	Insert:"O"	-	-	DecideAll:DecisionOverwrite	-	-	-	-
Shift+'O'	-	-	Cancel	Insert:"O"	Insert:"O"	Insert:"O"	-	-	DecideAll:DecisionOverwrite	-	-	-	-
Alt+'O'	-	-	Cancel	-	-	-	-	-	-	-	-	-	-
Ctrl+'O'	-	-	Cancel	-	-	-	-	-	-	-	-	-	-
Meta+'O'	-	-	Cancel	-	-	-	-	-	-	-	-	-	-
Ctrl+Shift+'O'	-	-	Cancel	-	-	-	-	-	-	-	-	-	-
'P'	PasteMove	-	Cancel	Insert:"P"	Insert:"P"	Insert:"P"	-	-	-	-	-	-	-
Shift+'P'	PasteMove	-	Cancel	Insert:"P"	Insert:"P"	Insert:"P"	-	-	-	-	-	-	-
Alt+'P'	-	-	Cancel	-	-	-	-	-	-	-	-	-	-
Ctrl+'P'	-	-	Cancel	-	-	-	-	-	-	-	-	-	-
Meta+'P'	-	-	Cancel	-	-	-	-	-	-	-	-	-	-
Ctrl+Shift+'P'	-	-	Cancel	-	-	-	-	-	-	-	-	-	-
'Q'	-	-	Cancel	Insert:"Q"	Insert:"Q"	Insert:"Q"	-	-	-	ForceQuit	-	-	-
Shift+'Q'	-	-	Cancel	Insert:"Q"	Insert:"Q"	Insert:"Q"	-	-	-	ForceQuit	-	-	-
Alt+'Q'	-	-	Cancel	-	-	-	-	-	-	-	-	-	-
Ctrl+'Q'	-	-	Cancel	-	-	-	-	-	-	-	-	-	-
Meta+'Q'	-	-	Cancel	-	-	-	-	-	-	-	-	-	-
Ctrl+Shift+'Q'	-	-	Cancel	-	-	-	-	-	-	-	-	-	-
'R'	-	-	Cancel	Insert:"R"	Insert:"R"	Insert:"R"	-	-	DecideAll:DecisionAutoRename	-	-	-	-
Shift+'R'	-	-	Cancel	Insert:"R"	Insert:"R"	Insert:"R"	-	-	DecideAll:DecisionAutoRename	-	-	-	-
Alt+'R'	-	-	Cancel	-	-	-	-	-	-	-	-	-	-
Ctrl+'R'	-	-	Cancel	-	-	-	-	-	-	-	-	-	-
Meta+'R'	-	-	Cancel	-	-	-	-	-	-	-	-	-	-
Ctrl+Shift+'R'	-	-	Cancel	-	-	-	-	-	-	-	-	-	-
'S'	-	-	Cancel	Insert:"S"	Insert:"S"	Insert:"S"	-	-	DecideAll:DecisionSkip	-	-	-	-
Shift+'S'	-	-	Cancel	Insert:"S"	Insert:"S"	Insert:"S"	-	-	DecideAll:DecisionSkip	-	-	-	-
Alt+'S'	-	-	Cancel	-	-	-	-	-	-	-	-	-	-
Ctrl+'S'	-	-	Cancel	-	-	-	-	-	-	-	-	-	-
Meta+'S'	-	-	Cancel	-	-	-	-	-	-	-	-	-	-
Ctrl+Shift+'S'	-	-	Cancel	-	-	-	-	-	-	-	-	-	-
'T'	-	-	Cancel	Insert:"T"	Insert:"T"	Insert:"T"	-	-	-	-	-	-	-
Shift+'T'	-	-	Cancel	Insert:"T"	Insert:"T"	Insert:"T"	-	-	-	-	-	-	-
Alt+'T'	-	-	Cancel	-	-	-	-	-	-	-	-	-	-
Ctrl+'T'	-	-	Cancel	-	-	-	-	-	-	-	-	-	-
Meta+'T'	-	-	Cancel	-	-	-	-	-	-	-	-	-	-
Ctrl+Shift+'T'	-	-	Cancel	-	-	-	-	-	-	-	-	-	-
'U'	-	-	Cancel	Insert:"U"	Insert:"U"	Insert:"U"	-	-	-	-	-	-	-
Shift+'U'	-	-	Cancel	Insert:"U"	Insert:"U"	Insert:"U"	-	-	-	-	-	-	-
Alt+'U'	-	-	Cancel	-	-	-	-	-	-	-	-	-	-
Ctrl+'U'	-	-	Cancel	-	-	-	-	-	-	-	-	-	-
Meta+'U'	-	-	Cancel	-	-	-	-	-	-	-	-	-	-
Ctrl+Shift+'U'	-	-	Cancel	-	-	-	-	-	-	-	-	-	-
'V'	-	-	Cancel	Insert:"V"	Insert:"V"	Insert:"V"	-	-	-	-	-	-	-
Shift+'V'	-	-	Cancel	Insert:"V"	Insert:"V"	Insert:"V"	-	-	-	-	-	-	-
Alt+'V'	-	-	Cancel	-	-	-	-	-	-	-	-	-	-
Ctrl+'V'	-	-	Cancel	-	-	-	-	-	-	-	-	-	-
Meta+'V'	-	-	Cancel	-	-	-	-	-	-	-	-	-	-
Ctrl+Shift+'V'	-	-	Cancel	-	-	-	-	-	-	-	-	-	-
'W'	-	-	Cancel	Insert:"W"	Insert:"W"	Insert:"W"	-	-	-	-	-	-	-
Shift+'W'	-	-	Cancel	Insert:"W"	Insert:"W"	Insert:"W"	-	-	-	-	-	-	-
Alt+'W'	-	-	Cancel	-	-	-	-	-	-	-	-	-	-
Ctrl+'W'	-	-	Cancel	-	-	-	-	-	-	-	-	-	-
Meta+'W'	-	-	Cancel	-	-	-	-	-	-	-	-	-	-
Ctrl+Shift+'W'	-	-	Cancel	-	-	-	-	-	-	-	-	-	-
'X'	-	-	Cancel	Insert:"X"	Insert:"X"	Insert:"X"	-	-	-	-	-	-	-
Shift+'X'	-	-	Cancel	Insert:"X"	Insert:"X"	Insert:"X"	-	-	-	-	-	-	-
Alt+'X'	-	-	Cancel	-	-	-	-	-	-	-	-	-	-
Ctrl+'X'	-	-	Cancel	-	-	-	-	-	-	-	-	-	-
Meta+'X'	-	-	Cancel	-	-	-	-	-	-	-	-	-	-
Ctrl+Shift+'X'	-	-	Cancel	-	-	-	-	-	-	-	-	-	-
'Y'	-	-	Cancel	Insert:"Y"	Insert:"Y"	Insert:"Y"	-	-	-	-	-	-	-
Shift+'Y'	-	-	Cancel	Insert:"Y"	Insert:"Y"	Insert:"Y"	-	-	-	-	-	-	-
Alt+'Y'	-	-	Cancel	-	-	-	-	-	-	-	-	-	-
Ctrl+'Y'	-	-	Cancel	-	-	-	-	-	-	-	-	-	-
Meta+'Y'	-	-	Cancel	-	-	-	-	-	-	-	-	-	-
Ctrl+Shift+'Y'	-	-	Cancel	-	-	-	-	-	-	-	-	-	-
'Z'	-	-	Cancel	Insert:"Z"	Insert:"Z"	Insert:"Z"	-	-	-	-	-	-	-
Shift+'Z'	-	-	Cancel	Insert:"Z"	Insert:"Z"	Insert:"Z"	-	-	-	-	-	-	-
Alt+'Z'	-	-	Cancel	-	-	-	-	-	-	-	-	-	-
Ctrl+'Z'	-	-	Cancel	-	-	-	-	-	-	-	-	-	-
Meta+'Z'	-	-	Cancel	-	-	-	-	-	-	-	-	-	-
Ctrl+Shift+'Z'	-	-	Cancel	-	-	-	-	-	-	-	-	-	-
'['	-	-	Cancel	Insert:"["	Insert:"["	Insert:"["	-	-	-	-	-	-	-
Shift+'['	-	-	Cancel	Insert:"["	Insert:"["	Insert:"["	-	-	-	-	-	-	-
Alt+'['	-	-	Cancel	-	-	-	-	-	-	-	-	-	-
Ctrl+'['	-	-	Cancel	-	-	-	-	-	-	-	-	-	-
Meta+'['	-	-	Cancel	-	-	-	-	-	-	-	-	-	-
Ctrl+Shift+'['	-	-	Cancel	-	-	-	-	-	-	-	-	-	-
'\\'	-	-	Cancel	Insert:"\\"	Insert:"\\"	Insert:"\\"	-	-	-	-	-	-	-
Shift+'\\'	-	-	Cancel	Insert:"\\"	Insert:"\\"	Insert:"\\"	-	-	-	-	-	-	-
Alt+'\\'	-	-	Cancel	-	-	-	-	-	-	-	-	-	-
Ctrl+'\\'	-	-	Cancel	-	-	-	-	-	-	-	-	-	-
Meta+'\\'	-	-	Cancel	-	-	-	-	-	-	-	-	-	-
Ctrl+Shift+'\\'	-	-	Cancel	-	-	-	-	-	-	-	-	-	-
']'	-	-	Cancel	Insert:"]"	Insert:"]"	Insert:"]"	-	-	-	-	-	-	-
Shift+']'	-	-	Cancel	Insert:"]"	Insert:"]"	Insert:"]"	-	-	-	-	-	-	-
Alt+']'	-	-	Cancel	-	-	-	-	-	-	-	-	-	-
Ctrl+']'	-	-	Cancel	-	-	-	-	-	-	-	-	-	-
Meta+']'	-	-	Cancel	-	-	-	-	-	-	-	-	-	-
Ctrl+Shift+']'	-	-	Cancel	-	-	-	-	-	-	-	-	-	-
'^'	-	-	Cancel	Insert:"^"	Insert:"^"	Insert:"^"	-	-	-	-	-	-	-
Shift+'^'	-	-	Cancel	Insert:"^"	Insert:"^"	Insert:"^"	-	-	-	-	-	-	-
Alt+'^'	-	-	Cancel	-	-	-	-	-	-	-	-	-	-
Ctrl+'^'	-	-	Cancel	-	-	-	-	-	-	-	-	-	-
Meta+'^'	-	-	Cancel	-	-	-	-	-	-	-	-	-	-
Ctrl+Shift+'^'	-	-	Cancel	-	-	-	-	-	-	-	-	-	-
'_'	-	-	Cancel	Insert:"_"	Insert:"_"	Insert:"_"	-	-	-	-	-	-	-
Shift+'_'	-	-	Cancel	Insert:"_"	Insert:"_"	Insert:"_"	-	-	-	-	-	-	-
Alt+'_'	-	-	Cancel	-	-	-	-	-	-	-	-	-	-
Ctrl+'_'	-	-	Cancel	-	-	-	-	-	-	-	-	-	-
Meta+'_'	-	-	Cancel	-	-	-	-	-	-	-	-	-	-
Ctrl+Shift+'_'	-	-	Cancel	-	-	-	-	-	-	-	-	-	-
'`'	-	-	Cancel	Insert:"`"	Insert:"`"	Insert:"`"	-	-	-	-	-	-	-
Shift+'`'	-	-	Cancel	Insert:"`"	Insert:"`"	Insert:"`"	-	-	-	-	-	-	-
Alt+'`'	-	-	Cancel	-	-	-	-	-	-	-	-	-	-
Ctrl+'`'	-	-	Cancel	-	-	-	-	-	-	-	-	-	-
Meta+'`'	-	-	Cancel	-	-	-	-	-	-	-	-	-	-
Ctrl+Shift+'`'	-	-	Cancel	-	-	-	-	-	-	-	-	-	-
'a'	MarkAll	-	Cancel	Insert:"a"	Insert:"a"	Insert:"a"	-	-	-	-	-	-	-
Shift+'a'	MarkAll	-	Cancel	Insert:"a"	Insert:"a"	Insert:"a"	-	-	-	-	-	-	-
Alt+'a'	-	-	Cancel	-	-	-	-	-	-	-	-	-	-
Ctrl+'a'	-	-	Cancel	LineHome	LineHome	LineHome	-	-	-	-	-	-	-
Meta+'a'	-	-	Cancel	-	-	-	-	-	-	-	-	-	-
Ctrl+Shift+'a'	-	-	Cancel	-	-	-	-	-	-	-	-	-	-
'b'	-	-	Cancel	Insert:"b"	Insert:"b"	Insert:"b"	-	-	-	-	-	-	-
Shift+'b'	-	-	Cancel	Insert:"b"	Insert:"b"	Insert:"b"	-	-	-	-	-	-	-
Alt+'b'	-	-	Cancel	-	-	-	-	-	-	-	-	-	-
Ctrl+'b'	-	-	Cancel	-	-	-	-	-	-	-	-	-	-
Meta+'b'	-	-	Cancel	-	-	-	-	-	-	-	-	-	-
Ctrl+Shift+'b'	-	-	Cancel	-	-	-	-	-	-	-	-	-	-
'c'	-	-	Cancel	Insert:"c"	Insert:"c"	Insert:"c"	-	-	-	-	-	-	-
Shift+'c'	-	-	Cancel	Insert:"c"	Insert:"c"	Insert:"c"	-	-	-	-	-	-	-
Alt+'c'	-	-	Cancel	-	-	-	-	-	-	-	-	-	-
Ctrl+'c'	-	-	Cancel	-	-	-	-	-	-	Cancel	Cancel	-	-
Meta+'c'	-	-	Cancel	-	-	-	-	-	-	-	-	-	-
Ctrl+Shift+'c'	-	-	Cancel	-	-	-	-	-	-	-	-	-	-
'd'	Trash	-	Cancel	Insert:"d"	Insert:"d"	Insert:"d"	-	-	-	-	-	-	-
Shift+'d'	Trash	-	Cancel	Insert:"d"	Insert:"d"	Insert:"d"	-	-	-	-	-	-	-
Alt+'d'	-	-	Cancel	-	-	-	-	-	-	-	-	-	-
Ctrl+'d'	-	-	Cancel	-	-	-	-	-	-	-	-	-	-
Meta+'d'	-	-	Cancel	-	-	-	-	-	-	-	-	-	-
Ctrl+Shift+'d'	-	-	Cancel	-	-	-	-	-	-	-	-	-	-
'e'	-	-	Cancel	Insert:"e"	Insert:"e"	Insert:"e"	-	-	-	-	-	English	-
Shift+'e'	-	-	Cancel	Insert:"e"	Insert:"e"	Insert:"e"	-	-	-	-	-	English	-
Alt+'e'	-	-	Cancel	-	-	-	-	-	-	-	-	-	-
Ctrl+'e'	-	-	Cancel	LineEnd	LineEnd	LineEnd	-	-	-	-	-	-	-
Meta+'e'	-	-	Cancel	-	-	-	-	-	-	-	-	-	-
Ctrl+Shift+'e'	-	-	Cancel	-	-	-	-	-	-	-	-	-	-
'f'	-	-	Cancel	Insert:"f"	Insert:"f"	Insert:"f"	-	-	-	-	-	-	-
Shift+'f'	-	-	Cancel	Insert:"f"	Insert:"f"	Insert:"f"	-	-	-	-	-	-	-
Alt+'f'	-	-	Cancel	-	-	-	-	-	-	-	-	-	-
Ctrl+'f'	-	-	Cancel	-	-	-	-	-	-	-	-	-	-
Meta+'f'	-	-	Cancel	-	-	-	-	-	-	-	-	-	-
Ctrl+Shift+'f'	-	-	Cancel	-	-	-	-	-	-	-	-	-	-
'g'	GoPath	-	Cancel	Insert:"g"	Insert:"g"	Insert:"g"	-	-	-	-	-	-	-
Shift+'g'	GoPath	-	Cancel	Insert:"g"	Insert:"g"	Insert:"g"	-	-	-	-	-	-	-
Alt+'g'	-	-	Cancel	-	-	-	-	-	-	-	-	-	-
Ctrl+'g'	-	-	Cancel	-	-	-	-	-	-	-	-	-	-
Meta+'g'	-	-	Cancel	-	-	-	-	-	-	-	-	-	-
Ctrl+Shift+'g'	-	-	Cancel	-	-	-	-	-	-	-	-	-	-
'h'	Parent	-	Cancel	Insert:"h"	Insert:"h"	Insert:"h"	-	-	-	-	-	-	-
Shift+'h'	Parent	-	Cancel	Insert:"h"	Insert:"h"	Insert:"h"	-	-	-	-	-	-	-
Alt+'h'	-	-	Cancel	-	-	-	-	-	-	-	-	-	-
Ctrl+'h'	-	-	Cancel	-	-	-	-	-	-	-	-	-	-
Meta+'h'	-	-	Cancel	-	-	-	-	-	-	-	-	-	-
Ctrl+Shift+'h'	-	-	Cancel	-	-	-	-	-	-	-	-	-	-
'i'	-	-	Cancel	Insert:"i"	Insert:"i"	Insert:"i"	-	-	-	-	-	-	-
Shift+'i'	-	-	Cancel	Insert:"i"	Insert:"i"	Insert:"i"	-	-	-	-	-	-	-
Alt+'i'	-	-	Cancel	-	-	-	-	-	-	-	-	-	-
Ctrl+'i'	-	-	Cancel	-	-	-	-	-	-	-	-	-	-
Meta+'i'	-	-	Cancel	-	-	-	-	-	-	-	-	-	-
Ctrl+Shift+'i'	-	-	Cancel	-	-	-	-	-	-	-	-	-	-
'j'	Down	-	Cancel	Insert:"j"	Insert:"j"	Insert:"j"	-	-	Down	-	-	Down	-
Shift+'j'	Down	-	Cancel	Insert:"j"	Insert:"j"	Insert:"j"	-	-	-	-	-	-	-
Alt+'j'	-	-	Cancel	-	-	-	-	-	-	-	-	-	-
Ctrl+'j'	-	-	Cancel	-	-	-	-	-	-	-	-	-	-
Meta+'j'	-	-	Cancel	-	-	-	-	-	-	-	-	-	-
Ctrl+Shift+'j'	-	-	Cancel	-	-	-	-	-	-	-	-	-	-
'k'	Up	-	Cancel	Insert:"k"	Insert:"k"	Insert:"k"	-	-	Up	-	-	Up	-
Shift+'k'	Up	-	Cancel	Insert:"k"	Insert:"k"	Insert:"k"	-	-	-	-	-	-	-
Alt+'k'	-	-	Cancel	-	-	-	-	-	-	-	-	-	-
Ctrl+'k'	-	-	Cancel	-	-	-	-	-	-	-	-	-	-
Meta+'k'	-	-	Cancel	-	-	-	-	-	-	-	-	-	-
Ctrl+Shift+'k'	-	-	Cancel	-	-	-	-	-	-	-	-	-	-
'l'	EnterDir	-	Cancel	Insert:"l"	Insert:"l"	Insert:"l"	-	-	-	-	-	-	-
Shift+'l'	EnterDir	-	Cancel	Insert:"l"	Insert:"l"	Insert:"l"	-	-	-	-	-	-	-
Alt+'l'	-	-	Cancel	-	-	-	-	-	-	-	-	-	-
Ctrl+'l'	local:redraw	local:redraw	local:redraw	local:redraw	local:redraw	local:redraw	local:redraw	local:redraw	local:redraw	local:redraw	local:redraw	local:redraw	local:redraw
Meta+'l'	-	-	Cancel	-	-	-	-	-	-	-	-	-	-
Ctrl+Shift+'l'	-	-	Cancel	-	-	-	-	-	-	-	-	-	-
'm'	-	-	Cancel	Insert:"m"	Insert:"m"	Insert:"m"	-	-	Decide:DecisionMerge	-	-	-	-
Shift+'m'	-	-	Cancel	Insert:"m"	Insert:"m"	Insert:"m"	-	-	Decide:DecisionMerge	-	-	-	-
Alt+'m'	-	-	Cancel	-	-	-	-	-	-	-	-	-	-
Ctrl+'m'	-	-	Cancel	-	-	-	-	-	-	-	-	-	-
Meta+'m'	-	-	Cancel	-	-	-	-	-	-	-	-	-	-
Ctrl+Shift+'m'	-	-	Cancel	-	-	-	-	-	-	-	-	-	-
'n'	NewDir	-	Cancel	Insert:"n"	Insert:"n"	Insert:"n"	No	-	-	-	No	-	No
Shift+'n'	NewDir	-	Cancel	Insert:"n"	Insert:"n"	Insert:"n"	-	-	-	-	No	-	No
Alt+'n'	-	-	Cancel	-	-	-	-	-	-	-	-	-	-
Ctrl+'n'	-	-	Cancel	-	-	-	-	-	-	-	-	-	-
Meta+'n'	-	-	Cancel	-	-	-	-	-	-	-	-	-	-
Ctrl+Shift+'n'	-	-	Cancel	-	-	-	-	-	-	-	-	-	-
'o'	-	-	Cancel	Insert:"o"	Insert:"o"	Insert:"o"	-	-	Decide:DecisionOverwrite	-	-	-	-
Shift+'o'	-	-	Cancel	Insert:"o"	Insert:"o"	Insert:"o"	-	-	Decide:DecisionOverwrite	-	-	-	-
Alt+'o'	-	-	Cancel	-	-	-	-	-	-	-	-	-	-
Ctrl+'o'	-	-	Cancel	-	-	-	-	-	-	-	-	-	-
Meta+'o'	-	-	Cancel	-	-	-	-	-	-	-	-	-	-
Ctrl+Shift+'o'	-	-	Cancel	-	-	-	-	-	-	-	-	-	-
'p'	PasteCopy	-	Cancel	Insert:"p"	Insert:"p"	Insert:"p"	-	-	-	-	-	-	-
Shift+'p'	PasteCopy	-	Cancel	Insert:"p"	Insert:"p"	Insert:"p"	-	-	-	-	-	-	-
Alt+'p'	-	-	Cancel	-	-	-	-	-	-	-	-	-	-
Ctrl+'p'	-	-	Cancel	-	-	-	-	-	-	-	-	-	-
Meta+'p'	-	-	Cancel	-	-	-	-	-	-	-	-	-	-
Ctrl+Shift+'p'	-	-	Cancel	-	-	-	-	-	-	-	-	-	-
'q'	Quit	-	Cancel	Insert:"q"	Insert:"q"	Insert:"q"	-	-	-	-	-	-	-
Shift+'q'	Quit	-	Cancel	Insert:"q"	Insert:"q"	Insert:"q"	-	-	-	-	-	-	-
Alt+'q'	-	-	Cancel	-	-	-	-	-	-	-	-	-	-
Ctrl+'q'	-	-	Cancel	-	-	-	-	-	-	-	-	-	-
Meta+'q'	-	-	Cancel	-	-	-	-	-	-	-	-	-	-
Ctrl+Shift+'q'	-	-	Cancel	-	-	-	-	-	-	-	-	-	-
'r'	Rename	-	Cancel	Insert:"r"	Insert:"r"	Insert:"r"	-	-	Decide:DecisionAutoRename	-	-	-	-
Shift+'r'	Rename	-	Cancel	Insert:"r"	Insert:"r"	Insert:"r"	-	-	Decide:DecisionAutoRename	-	-	-	-
Alt+'r'	-	-	Cancel	-	-	-	-	-	-	-	-	-	-
Ctrl+'r'	Reload	-	Cancel	-	-	-	-	-	-	-	-	-	-
Meta+'r'	-	-	Cancel	-	-	-	-	-	-	-	-	-	-
Ctrl+Shift+'r'	-	-	Cancel	-	-	-	-	-	-	-	-	-	-
's'	-	-	Cancel	Insert:"s"	Insert:"s"	Insert:"s"	-	-	Decide:DecisionSkip	-	-	-	-
Shift+'s'	-	-	Cancel	Insert:"s"	Insert:"s"	Insert:"s"	-	-	Decide:DecisionSkip	-	-	-	-
Alt+'s'	-	-	Cancel	-	-	-	-	-	-	-	-	-	-
Ctrl+'s'	-	-	Cancel	-	-	-	-	-	-	-	-	-	-
Meta+'s'	-	-	Cancel	-	-	-	-	-	-	-	-	-	-
Ctrl+Shift+'s'	-	-	Cancel	-	-	-	-	-	-	-	-	-	-
't'	-	-	Cancel	Insert:"t"	Insert:"t"	Insert:"t"	-	-	-	-	-	-	-
Shift+'t'	-	-	Cancel	Insert:"t"	Insert:"t"	Insert:"t"	-	-	-	-	-	-	-
Alt+'t'	-	-	Cancel	-	-	-	-	-	-	-	-	-	-
Ctrl+'t'	-	-	Cancel	-	-	-	-	-	-	-	-	-	-
Meta+'t'	-	-	Cancel	-	-	-	-	-	-	-	-	-	-
Ctrl+Shift+'t'	-	-	Cancel	-	-	-	-	-	-	-	-	-	-
'u'	-	-	Cancel	Insert:"u"	Insert:"u"	Insert:"u"	-	-	UnsetOnly	-	-	-	-
Shift+'u'	-	-	Cancel	Insert:"u"	Insert:"u"	Insert:"u"	-	-	UnsetOnly	-	-	-	-
Alt+'u'	-	-	Cancel	-	-	-	-	-	-	-	-	-	-
Ctrl+'u'	-	-	Cancel	-	-	-	-	-	-	-	-	-	-
Meta+'u'	-	-	Cancel	-	-	-	-	-	-	-	-	-	-
Ctrl+Shift+'u'	-	-	Cancel	-	-	-	-	-	-	-	-	-	-
'v'	local:view	local:view	Cancel	Insert:"v"	Insert:"v"	Insert:"v"	-	-	-	-	-	-	-
Shift+'v'	-	-	Cancel	Insert:"v"	Insert:"v"	Insert:"v"	-	-	-	-	-	-	-
Alt+'v'	-	-	Cancel	-	-	-	-	-	-	-	-	-	-
Ctrl+'v'	-	-	Cancel	-	-	-	-	-	-	-	-	-	-
Meta+'v'	-	-	Cancel	-	-	-	-	-	-	-	-	-	-
Ctrl+Shift+'v'	-	-	Cancel	-	-	-	-	-	-	-	-	-	-
'w'	-	-	Cancel	Insert:"w"	Insert:"w"	Insert:"w"	-	-	-	-	-	-	-
Shift+'w'	-	-	Cancel	Insert:"w"	Insert:"w"	Insert:"w"	-	-	-	-	-	-	-
Alt+'w'	-	-	Cancel	-	-	-	-	-	-	-	-	-	-
Ctrl+'w'	-	-	Cancel	-	-	-	-	-	-	-	-	-	-
Meta+'w'	-	-	Cancel	-	-	-	-	-	-	-	-	-	-
Ctrl+Shift+'w'	-	-	Cancel	-	-	-	-	-	-	-	-	-	-
'x'	-	-	Cancel	Insert:"x"	Insert:"x"	Insert:"x"	-	-	-	-	-	-	-
Shift+'x'	-	-	Cancel	Insert:"x"	Insert:"x"	Insert:"x"	-	-	-	-	-	-	-
Alt+'x'	-	-	Cancel	-	-	-	-	-	-	-	-	-	-
Ctrl+'x'	-	-	Cancel	-	-	-	-	-	-	-	-	-	-
Meta+'x'	-	-	Cancel	-	-	-	-	-	-	-	-	-	-
Ctrl+Shift+'x'	-	-	Cancel	-	-	-	-	-	-	-	-	-	-
'y'	Yank	-	Cancel	Insert:"y"	Insert:"y"	Insert:"y"	Yes	-	-	-	Yes	-	Yes
Shift+'y'	Yank	-	Cancel	Insert:"y"	Insert:"y"	Insert:"y"	-	-	-	-	Yes	-	Yes
Alt+'y'	-	-	Cancel	-	-	-	-	-	-	-	-	-	-
Ctrl+'y'	-	-	Cancel	-	-	-	-	-	-	-	-	-	-
Meta+'y'	-	-	Cancel	-	-	-	-	-	-	-	-	-	-
Ctrl+Shift+'y'	-	-	Cancel	-	-	-	-	-	-	-	-	-	-
'z'	-	-	Cancel	Insert:"z"	Insert:"z"	Insert:"z"	-	-	-	-	-	-	-
Shift+'z'	-	-	Cancel	Insert:"z"	Insert:"z"	Insert:"z"	-	-	-	-	-	-	-
Alt+'z'	-	-	Cancel	-	-	-	-	-	-	-	-	-	-
Ctrl+'z'	-	-	Cancel	-	-	-	-	-	-	-	-	-	-
Meta+'z'	-	-	Cancel	-	-	-	-	-	-	-	-	-	-
Ctrl+Shift+'z'	-	-	Cancel	-	-	-	-	-	-	-	-	-	-
'{'	-	-	Cancel	Insert:"{"	Insert:"{"	Insert:"{"	-	-	-	-	-	-	-
Shift+'{'	-	-	Cancel	Insert:"{"	Insert:"{"	Insert:"{"	-	-	-	-	-	-	-
Alt+'{'	-	-	Cancel	-	-	-	-	-	-	-	-	-	-
Ctrl+'{'	-	-	Cancel	-	-	-	-	-	-	-	-	-	-
Meta+'{'	-	-	Cancel	-	-	-	-	-	-	-	-	-	-
Ctrl+Shift+'{'	-	-	Cancel	-	-	-	-	-	-	-	-	-	-
'|'	-	-	Cancel	Insert:"|"	Insert:"|"	Insert:"|"	-	-	-	-	-	-	-
Shift+'|'	-	-	Cancel	Insert:"|"	Insert:"|"	Insert:"|"	-	-	-	-	-	-	-
Alt+'|'	-	-	Cancel	-	-	-	-	-	-	-	-	-	-
Ctrl+'|'	-	-	Cancel	-	-	-	-	-	-	-	-	-	-
Meta+'|'	-	-	Cancel	-	-	-	-	-	-	-	-	-	-
Ctrl+Shift+'|'	-	-	Cancel	-	-	-	-	-	-	-	-	-	-
'}'	-	-	Cancel	Insert:"}"	Insert:"}"	Insert:"}"	-	-	-	-	-	-	-
Shift+'}'	-	-	Cancel	Insert:"}"	Insert:"}"	Insert:"}"	-	-	-	-	-	-	-
Alt+'}'	-	-	Cancel	-	-	-	-	-	-	-	-	-	-
Ctrl+'}'	-	-	Cancel	-	-	-	-	-	-	-	-	-	-
Meta+'}'	-	-	Cancel	-	-	-	-	-	-	-	-	-	-
Ctrl+Shift+'}'	-	-	Cancel	-	-	-	-	-	-	-	-	-	-
'~'	-	-	Cancel	Insert:"~"	Insert:"~"	Insert:"~"	-	-	-	-	-	-	-
Shift+'~'	-	-	Cancel	Insert:"~"	Insert:"~"	Insert:"~"	-	-	-	-	-	-	-
Alt+'~'	-	-	Cancel	-	-	-	-	-	-	-	-	-	-
Ctrl+'~'	-	-	Cancel	-	-	-	-	-	-	-	-	-	-
Meta+'~'	-	-	Cancel	-	-	-	-	-	-	-	-	-	-
Ctrl+Shift+'~'	-	-	Cancel	-	-	-	-	-	-	-	-	-	-
Paste("")	-	-	-	Insert:""	Insert:""	Insert:""	-	-	-	-	-	-	-
Paste("q")	-	-	-	Insert:"q"	Insert:"q"	Insert:"q"	-	-	-	-	-	-	-
Paste("D")	-	-	-	Insert:"D"	Insert:"D"	Insert:"D"	-	-	-	-	-	-	-
Paste("y")	-	-	-	Insert:"y"	Insert:"y"	Insert:"y"	-	-	-	-	-	-	-
Paste("\r")	-	-	-	Insert:""	Insert:"\r"	Insert:"\r"	-	-	-	-	-	-	-
Paste("abc")	-	-	-	Insert:"abc"	Insert:"abc"	Insert:"abc"	-	-	-	-	-	-	-
Paste("a\nb")	-	-	-	Insert:"a"	Insert:"a\nb"	Insert:"a\nb"	-	-	-	-	-	-	-
Paste("x\r\ny")	-	-	-	Insert:"x"	Insert:"x\r\ny"	Insert:"x\r\ny"	-	-	-	-	-	-	-
Paste("z\rw")	-	-	-	Insert:"z"	Insert:"z\rw"	Insert:"z\rw"	-	-	-	-	-	-	-
